Archive member included to satisfy reference by file (symbol)

/Applications/STM32CubeIDE.app/Contents/Eclipse/plugins/com.st.stm32cube.ide.mcu.externaltools.gnu-tools-for-stm32.12.3.rel1.macos64_1.1.0.202410301201/tools/bin/../lib/gcc/arm-none-eabi/12.3.1/../../../../arm-none-eabi/lib/thumb/v7e-m+fp/hard/libc_nano.a(libc_a-exit.o)
                              /Applications/STM32CubeIDE.app/Contents/Eclipse/plugins/com.st.stm32cube.ide.mcu.externaltools.gnu-tools-for-stm32.12.3.rel1.macos64_1.1.0.202410301201/tools/bin/../lib/gcc/arm-none-eabi/12.3.1/../../../../arm-none-eabi/lib/thumb/v7e-m+fp/hard/crt0.o (exit)
/Applications/STM32CubeIDE.app/Contents/Eclipse/plugins/com.st.stm32cube.ide.mcu.externaltools.gnu-tools-for-stm32.12.3.rel1.macos64_1.1.0.202410301201/tools/bin/../lib/gcc/arm-none-eabi/12.3.1/../../../../arm-none-eabi/lib/thumb/v7e-m+fp/hard/libc_nano.a(libc_a-nano-vfprintf_float.o)
                              (_printf_float)
/Applications/STM32CubeIDE.app/Contents/Eclipse/plugins/com.st.stm32cube.ide.mcu.externaltools.gnu-tools-for-stm32.12.3.rel1.macos64_1.1.0.202410301201/tools/bin/../lib/gcc/arm-none-eabi/12.3.1/../../../../arm-none-eabi/lib/thumb/v7e-m+fp/hard/libc_nano.a(libc_a-nano-vfprintf_i.o)
                              /Applications/STM32CubeIDE.app/Contents/Eclipse/plugins/com.st.stm32cube.ide.mcu.externaltools.gnu-tools-for-stm32.12.3.rel1.macos64_1.1.0.202410301201/tools/bin/../lib/gcc/arm-none-eabi/12.3.1/../../../../arm-none-eabi/lib/thumb/v7e-m+fp/hard/libc_nano.a(libc_a-nano-vfprintf_float.o) (_printf_common)
/Applications/STM32CubeIDE.app/Contents/Eclipse/plugins/com.st.stm32cube.ide.mcu.externaltools.gnu-tools-for-stm32.12.3.rel1.macos64_1.1.0.202410301201/tools/bin/../lib/gcc/arm-none-eabi/12.3.1/../../../../arm-none-eabi/lib/thumb/v7e-m+fp/hard/libc_nano.a(libc_a-snprintf.o)
                              ./Core/Src/healthmonitor.o (snprintf)
/Applications/STM32CubeIDE.app/Contents/Eclipse/plugins/com.st.stm32cube.ide.mcu.externaltools.gnu-tools-for-stm32.12.3.rel1.macos64_1.1.0.202410301201/tools/bin/../lib/gcc/arm-none-eabi/12.3.1/../../../../arm-none-eabi/lib/thumb/v7e-m+fp/hard/libc_nano.a(libc_a-sprintf.o)
                              ./Drivers/es_wifi.o (sprintf)
/Applications/STM32CubeIDE.app/Contents/Eclipse/plugins/com.st.stm32cube.ide.mcu.externaltools.gnu-tools-for-stm32.12.3.rel1.macos64_1.1.0.202410301201/tools/bin/../lib/gcc/arm-none-eabi/12.3.1/../../../../arm-none-eabi/lib/thumb/v7e-m+fp/hard/libc_nano.a(libc_a-findfp.o)
                              /Applications/STM32CubeIDE.app/Contents/Eclipse/plugins/com.st.stm32cube.ide.mcu.externaltools.gnu-tools-for-stm32.12.3.rel1.macos64_1.1.0.202410301201/tools/bin/../lib/gcc/arm-none-eabi/12.3.1/../../../../arm-none-eabi/lib/thumb/v7e-m+fp/hard/libc_nano.a(libc_a-exit.o) (__stdio_exit_handler)
/Applications/STM32CubeIDE.app/Contents/Eclipse/plugins/com.st.stm32cube.ide.mcu.externaltools.gnu-tools-for-stm32.12.3.rel1.macos64_1.1.0.202410301201/tools/bin/../lib/gcc/arm-none-eabi/12.3.1/../../../../arm-none-eabi/lib/thumb/v7e-m+fp/hard/libc_nano.a(libc_a-fwalk.o)
                              /Applications/STM32CubeIDE.app/Contents/Eclipse/plugins/com.st.stm32cube.ide.mcu.externaltools.gnu-tools-for-stm32.12.3.rel1.macos64_1.1.0.202410301201/tools/bin/../lib/gcc/arm-none-eabi/12.3.1/../../../../arm-none-eabi/lib/thumb/v7e-m+fp/hard/libc_nano.a(libc_a-findfp.o) (_fwalk_sglue)
/Applications/STM32CubeIDE.app/Contents/Eclipse/plugins/com.st.stm32cube.ide.mcu.externaltools.gnu-tools-for-stm32.12.3.rel1.macos64_1.1.0.202410301201/tools/bin/../lib/gcc/arm-none-eabi/12.3.1/../../../../arm-none-eabi/lib/thumb/v7e-m+fp/hard/libc_nano.a(libc_a-printf.o)
                              ./Core/Src/healthmonitor.o (printf)
/Applications/STM32CubeIDE.app/Contents/Eclipse/plugins/com.st.stm32cube.ide.mcu.externaltools.gnu-tools-for-stm32.12.3.rel1.macos64_1.1.0.202410301201/tools/bin/../lib/gcc/arm-none-eabi/12.3.1/../../../../arm-none-eabi/lib/thumb/v7e-m+fp/hard/libc_nano.a(libc_a-puts.o)
                              ./Core/Src/healthmonitor.o (puts)
/Applications/STM32CubeIDE.app/Contents/Eclipse/plugins/com.st.stm32cube.ide.mcu.externaltools.gnu-tools-for-stm32.12.3.rel1.macos64_1.1.0.202410301201/tools/bin/../lib/gcc/arm-none-eabi/12.3.1/../../../../arm-none-eabi/lib/thumb/v7e-m+fp/hard/libc_nano.a(libc_a-strncmp.o)
                              ./Drivers/es_wifi.o (strncmp)
/Applications/STM32CubeIDE.app/Contents/Eclipse/plugins/com.st.stm32cube.ide.mcu.externaltools.gnu-tools-for-stm32.12.3.rel1.macos64_1.1.0.202410301201/tools/bin/../lib/gcc/arm-none-eabi/12.3.1/../../../../arm-none-eabi/lib/thumb/v7e-m+fp/hard/libc_nano.a(libc_a-strncpy.o)
                              ./Drivers/es_wifi.o (strncpy)
[...]
Memory Configuration

Name             Origin             Length             Attributes
RAM              0x20000000         0x00018000         xrw
RAM2             0x10000000         0x00008000         xrw
FLASH            0x08000000         0x00100000         xr
*default*        0x00000000         0xffffffff

Linker script and memory map

LOAD /Applications/STM32CubeIDE.app/Contents/Eclipse/plugins/com.st.stm32cube.ide.mcu.externaltools.gnu-tools-for-stm32.12.3.rel1.macos64_1.1.0.202410301201/tools/bin/../lib/gcc/arm-none-eabi/12.3.1/thumb/v7e-m+fp/hard/crti.o
LOAD /Applications/STM32CubeIDE.app/Contents/Eclipse/plugins/com.st.stm32cube.ide.mcu.externaltools.gnu-tools-for-stm32.12.3.rel1.macos64_1.1.0.202410301201/tools/bin/../lib/gcc/arm-none-eabi/12.3.1/thumb/v7e-m+fp/hard/crtbegin.o
LOAD /Applications/STM32CubeIDE.app/Contents/Eclipse/plugins/com.st.stm32cube.ide.mcu.externaltools.gnu-tools-for-stm32.12.3.rel1.macos64_1.1.0.202410301201/tools/bin/../lib/gcc/arm-none-eabi/12.3.1/../../../../arm-none-eabi/lib/thumb/v7e-m+fp/hard/crt0.o
LOAD ./Core/Src/hall_callbacks.o
LOAD ./Core/Src/healthmonitor.o
LOAD ./Core/Src/stm32l4xx_hal_msp.o
LOAD ./Core/Src/stm32l4xx_it.o
LOAD ./Core/Src/syscalls.o
LOAD ./Core/Src/sysmem.o
LOAD ./Core/Src/system_stm32l4xx.o
LOAD ./Core/Src/io/putc.o
LOAD ./Core/Src/peripherals/clock.o
LOAD ./Core/Src/peripherals/exti.o
LOAD ./Core/Src/peripherals/gpio.o
LOAD ./Core/Src/peripherals/i2c.o
LOAD ./Core/Src/peripherals/uart.o
LOAD ./Core/Startup/startup_stm32l475vgtx.o
LOAD ./Drivers/BSP_B-L475E-IOT01/Drivers/BSP/B-L475E-IOT01/stm32l475e_iot01.o
LOAD ./Drivers/BSP_B-L475E-IOT01/Drivers/BSP/B-L475E-IOT01/stm32l475e_iot01_accelero.o
LOAD ./Drivers/BSP_B-L475E-IOT01/Drivers/BSP/B-L475E-IOT01/stm32l475e_iot01_gyro.o
LOAD ./Drivers/BSP_B-L475E-IOT01/Drivers/BSP/B-L475E-IOT01/stm32l475e_iot01_hsensor.o
LOAD ./Drivers/BSP_B-L475E-IOT01/Drivers/BSP/B-L475E-IOT01/stm32l475e_iot01_magneto.o
LOAD ./Drivers/BSP_B-L475E-IOT01/Drivers/BSP/B-L475E-IOT01/stm32l475e_iot01_psensor.o
LOAD ./Drivers/BSP_B-L475E-IOT01/Drivers/BSP/B-L475E-IOT01/stm32l475e_iot01_qspi.o
LOAD ./Drivers/BSP_B-L475E-IOT01/Drivers/BSP/B-L475E-IOT01/stm32l475e_iot01_tsensor.o
LOAD ./Drivers/BSP_B-L475E-IOT01/Drivers/BSP/Components/hts221/hts221.o
LOAD ./Drivers/BSP_B-L475E-IOT01/Drivers/BSP/Components/lis3mdl/lis3mdl.o
LOAD ./Drivers/BSP_B-L475E-IOT01/Drivers/BSP/Components/lps22hb/lps22hb.o
LOAD ./Drivers/BSP_B-L475E-IOT01/Drivers/BSP/Components/lsm6dsl/lsm6dsl.o
LOAD ./Drivers/BSP_B-L475E-IOT01/Utilities/Fonts/font12.o
LOAD ./Drivers/BSP_B-L475E-IOT01/Utilities/Fonts/font16.o
LOAD ./Drivers/BSP_B-L475E-IOT01/Utilities/Fonts/font20.o
LOAD ./Drivers/BSP_B-L475E-IOT01/Utilities/Fonts/font24.o
LOAD ./Drivers/BSP_B-L475E-IOT01/Utilities/Fonts/font8.o
LOAD ./Drivers/M24SR/m24sr.o
LOAD ./Drivers/M24SR/m24sr_wrapper.o
LOAD ./Drivers/NDEF_TagType4_lib/lib_NDEF.o
LOAD ./Drivers/NDEF_TagType4_lib/lib_NDEF_AAR.o
LOAD ./Drivers/NDEF_TagType4_lib/lib_NDEF_Email.o
LOAD ./Drivers/NDEF_TagType4_lib/lib_NDEF_Geo.o
LOAD ./Drivers/NDEF_TagType4_lib/lib_NDEF_MyApp.o
LOAD ./Drivers/NDEF_TagType4_lib/lib_NDEF_SMS.o
LOAD ./Drivers/NDEF_TagType4_lib/lib_NDEF_URI.o
LOAD ./Drivers/NDEF_TagType4_lib/lib_NDEF_Vcard.o
LOAD ./Drivers/NDEF_TagType4_lib/lib_TT4_interface.o
LOAD ./Drivers/STM32L4xx_HAL_Driver/Src/stm32l4xx_hal.o
LOAD ./Drivers/STM32L4xx_HAL_Driver/Src/stm32l4xx_hal_cortex.o
LOAD ./Drivers/STM32L4xx_HAL_Driver/Src/stm32l4xx_hal_dma.o
LOAD ./Drivers/STM32L4xx_HAL_Driver/Src/stm32l4xx_hal_dma_ex.o
LOAD ./Drivers/STM32L4xx_HAL_Driver/Src/stm32l4xx_hal_exti.o
LOAD ./Drivers/STM32L4xx_HAL_Driver/Src/stm32l4xx_hal_flash.o
LOAD ./Drivers/STM32L4xx_HAL_Driver/Src/stm32l4xx_hal_flash_ex.o
LOAD ./Drivers/STM32L4xx_HAL_Driver/Src/stm32l4xx_hal_flash_ramfunc.o
LOAD ./Drivers/STM32L4xx_HAL_Driver/Src/stm32l4xx_hal_gpio.o
LOAD ./Drivers/STM32L4xx_HAL_Driver/Src/stm32l4xx_hal_i2c.o
LOAD ./Drivers/STM32L4xx_HAL_Driver/Src/stm32l4xx_hal_i2c_ex.o
LOAD ./Drivers/STM32L4xx_HAL_Driver/Src/stm32l4xx_hal_pwr.o
LOAD ./Drivers/STM32L4xx_HAL_Driver/Src/stm32l4xx_hal_pwr_ex.o
LOAD ./Drivers/STM32L4xx_HAL_Driver/Src/stm32l4xx_hal_qspi.o
LOAD ./Drivers/STM32L4xx_HAL_Driver/Src/stm32l4xx_hal_rcc.o
LOAD ./Drivers/STM32L4xx_HAL_Driver/Src/stm32l4xx_hal_rcc_ex.o
LOAD ./Drivers/STM32L4xx_HAL_Driver/Src/stm32l4xx_hal_spi.o
LOAD ./Drivers/STM32L4xx_HAL_Driver/Src/stm32l4xx_hal_spi_ex.o
LOAD ./Drivers/STM32L4xx_HAL_Driver/Src/stm32l4xx_hal_uart.o
LOAD ./Drivers/STM32L4xx_HAL_Driver/Src/stm32l4xx_hal_uart_ex.o
LOAD ./Drivers/es_wifi.o
LOAD ./Drivers/es_wifi_io.o
LOAD ./Drivers/max30105.o
LOAD ./Drivers/mlx90615.o
LOAD ./Drivers/spsgrf.o
LOAD ./Drivers/spsgrf_app.o
LOAD ./Drivers/spsgrf_io.o
LOAD ./Drivers/wifi.o
START GROUP
LOAD /Applications/STM32CubeIDE.app/Contents/Eclipse/plugins/com.st.stm32cube.ide.mcu.externaltools.gnu-tools-for-stm32.12.3.rel1.macos64_1.1.0.202410301201/tools/bin/../lib/gcc/arm-none-eabi/12.3.1/../../../../arm-none-eabi/lib/thumb/v7e-m+fp/hard/libc_nano.a
LOAD /Applications/STM32CubeIDE.app/Contents/Eclipse/plugins/com.st.stm32cube.ide.mcu.externaltools.gnu-tools-for-stm32.12.3.rel1.macos64_1.1.0.202410301201/tools/bin/../lib/gcc/arm-none-eabi/12.3.1/../../../../arm-none-eabi/lib/thumb/v7e-m+fp/hard/libm.a
END GROUP
START GROUP
LOAD /Applications/STM32CubeIDE.app/Contents/Eclipse/plugins/com.st.stm32cube.ide.mcu.externaltools.gnu-tools-for-stm32.12.3.rel1.macos64_1.1.0.202410301201/tools/bin/../lib/gcc/arm-none-eabi/12.3.1/thumb/v7e-m+fp/hard/libgcc.a
LOAD /Applications/STM32CubeIDE.app/Contents/Eclipse/plugins/com.st.stm32cube.ide.mcu.externaltools.gnu-tools-for-stm32.12.3.rel1.macos64_1.1.0.202410301201/tools/bin/../lib/gcc/arm-none-eabi/12.3.1/../../../../arm-none-eabi/lib/thumb/v7e-m+fp/hard/libc_nano.a
END GROUP
START GROUP
LOAD /Applications/STM32CubeIDE.app/Contents/Eclipse/plugins/com.st.stm32cube.ide.mcu.externaltools.gnu-tools-for-stm32.12.3.rel1.macos64_1.1.0.202410301201/tools/bin/../lib/gcc/arm-none-eabi/12.3.1/thumb/v7e-m+fp/hard/libgcc.a
LOAD /Applications/STM32CubeIDE.app/Contents/Eclipse/plugins/com.st.stm32cube.ide.mcu.externaltools.gnu-tools-for-stm32.12.3.rel1.macos64_1.1.0.202410301201/tools/bin/../lib/gcc/arm-none-eabi/12.3.1/../../../../arm-none-eabi/lib/thumb/v7e-m+fp/hard/libc_nano.a
LOAD /Applications/STM32CubeIDE.app/Contents/Eclipse/plugins/com.st.stm32cube.ide.mcu.externaltools.gnu-tools-for-stm32.12.3.rel1.macos64_1.1.0.202410301201/tools/bin/../lib/gcc/arm-none-eabi/12.3.1/../../../../arm-none-eabi/lib/thumb/v7e-m+fp/hard/libnosys.a
END GROUP
START GROUP
LOAD /Applications/STM32CubeIDE.app/Contents/Eclipse/plugins/com.st.stm32cube.ide.mcu.externaltools.gnu-tools-for-stm32.12.3.rel1.macos64_1.1.0.202410301201/tools/bin/../lib/gcc/arm-none-eabi/12.3.1/thumb/v7e-m+fp/hard/libgcc.a
LOAD /Applications/STM32CubeIDE.app/Contents/Eclipse/plugins/com.st.stm32cube.ide.mcu.externaltools.gnu-tools-for-stm32.12.3.rel1.macos64_1.1.0.202410301201/tools/bin/../lib/gcc/arm-none-eabi/12.3.1/../../../../arm-none-eabi/lib/thumb/v7e-m+fp/hard/libc_nano.a
LOAD /Applications/STM32CubeIDE.app/Contents/Eclipse/plugins/com.st.stm32cube.ide.mcu.externaltools.gnu-tools-for-stm32.12.3.rel1.macos64_1.1.0.202410301201/tools/bin/../lib/gcc/arm-none-eabi/12.3.1/../../../../arm-none-eabi/lib/thumb/v7e-m+fp/hard/libnosys.a
END GROUP
LOAD /Applications/STM32CubeIDE.app/Contents/Eclipse/plugins/com.st.stm32cube.ide.mcu.externaltools.gnu-tools-for-stm32.12.3.rel1.macos64_1.1.0.202410301201/tools/bin/../lib/gcc/arm-none-eabi/12.3.1/thumb/v7e-m+fp/hard/crtend.o
LOAD /Applications/STM32CubeIDE.app/Contents/Eclipse/plugins/com.st.stm32cube.ide.mcu.externaltools.gnu-tools-for-stm32.12.3.rel1.macos64_1.1.0.202410301201/tools/bin/../lib/gcc/arm-none-eabi/12.3.1/thumb/v7e-m+fp/hard/crtn.o
                0x20018000                        _estack = (ORIGIN (RAM) + LENGTH (RAM))
                0x00000200                        _Min_Heap_Size = 0x200
                0x00000400                        _Min_Stack_Size = 0x400

.isr_vector     0x08000000      0x188
                0x08000000                        . = ALIGN (0x4)
 *(.isr_vector)
 .isr_vector    0x08000000      0x188 ./Core/Startup/startup_stm32l475vgtx.o
                0x08000000                g_pfnVectors
                0x08000188                        . = ALIGN (0x4)

.text           0x08000190     0xd778
                0x08000190                        . = ALIGN (0x4)
 *(.text)
 .text          0x08000190       0x40 /Applications/STM32CubeIDE.app/Contents/Eclipse/plugins/com.st.stm32cube.ide.mcu.externaltools.gnu-tools-for-stm32.12.3.rel1.macos64_1.1.0.202410301201/tools/bin/../lib/gcc/arm-none-eabi/12.3.1/thumb/v7e-m+fp/hard/crtbegin.o
 .text          0x080001d0       0xa0 /Applications/STM32CubeIDE.app/Contents/Eclipse/plugins/com.st.stm32cube.ide.mcu.externaltools.gnu-tools-for-stm32.12.3.rel1.macos64_1.1.0.202410301201/tools/bin/../lib/gcc/arm-none-eabi/12.3.1/../../../../arm-none-eabi/lib/thumb/v7e-m+fp/hard/libc_nano.a(libc_a-memchr.o)
                0x080001d0                memchr
 .text          0x08000270       0x10 /Applications/STM32CubeIDE.app/Contents/Eclipse/plugins/com.st.stm32cube.ide.mcu.externaltools.gnu-tools-for-stm32.12.3.rel1.macos64_1.1.0.202410301201/tools/bin/../lib/gcc/arm-none-eabi/12.3.1/../../../../arm-none-eabi/lib/thumb/v7e-m+fp/hard/libc_nano.a(libc_a-strlen.o)
                0x08000270                strlen
 .text          0x08000280      0x378 /Applications/STM32CubeIDE.app/Contents/Eclipse/plugins/com.st.stm32cube.ide.mcu.externaltools.gnu-tools-for-stm32.12.3.rel1.macos64_1.1.0.202410301201/tools/bin/../lib/gcc/arm-none-eabi/12.3.1/thumb/v7e-m+fp/hard/libgcc.a(_arm_addsubdf3.o)
                0x08000280                __aeabi_drsub
                0x08000288                __subdf3
                0x08000288                __aeabi_dsub
                0x0800028c                __aeabi_dadd
                0x0800028c                __adddf3
                0x08000504                __aeabi_ui2d
                0x08000504                __floatunsidf
                0x08000524                __floatsidf
                0x08000524                __aeabi_i2d
                0x08000548                __extendsfdf2
                0x08000548                __aeabi_f2d
                0x0800058c                __aeabi_ul2d
                0x0800058c                __floatundidf
                0x0800059c                __aeabi_l2d
                0x0800059c                __floatdidf
 .text          0x080005f8      0x424 /Applications/STM32CubeIDE.app/Contents/Eclipse/plugins/com.st.stm32cube.ide.mcu.externaltools.gnu-tools-for-stm32.12.3.rel1.macos64_1.1.0.202410301201/tools/bin/../lib/gcc/arm-none-eabi/12.3.1/thumb/v7e-m+fp/hard/libgcc.a(_arm_muldivdf3.o)
                0x080005f8                __aeabi_dmul
                0x080005f8                __muldf3
                0x0800084c                __aeabi_ddiv
                0x0800084c                __divdf3
 .text          0x08000a1c      0x110 /Applications/STM32CubeIDE.app/Contents/Eclipse/plugins/com.st.stm32cube.ide.mcu.externaltools.gnu-tools-for-stm32.12.3.rel1.macos64_1.1.0.202410301201/tools/bin/../lib/gcc/arm-none-eabi/12.3.1/thumb/v7e-m+fp/hard/libgcc.a(_arm_cmpdf2.o)
                0x08000a1c                __gedf2
                0x08000a1c                __gtdf2
                0x08000a24                __ledf2
                0x08000a24                __ltdf2
                0x08000a2c                __cmpdf2
                0x08000a2c                __eqdf2
                0x08000a2c                __nedf2
                0x08000aa8                __aeabi_cdrcmple
                0x08000ab8                __aeabi_cdcmple
                0x08000ab8                __aeabi_cdcmpeq
                0x08000ac8                __aeabi_dcmpeq
                0x08000adc                __aeabi_dcmplt
                0x08000af0                __aeabi_dcmple
                0x08000b04                __aeabi_dcmpge
                0x08000b18                __aeabi_dcmpgt
 .text          0x08000b2c       0x2c /Applications/STM32CubeIDE.app/Contents/Eclipse/plugins/com.st.stm32cube.ide.mcu.externaltools.gnu-tools-for-stm32.12.3.rel1.macos64_1.1.0.202410301201/tools/bin/../lib/gcc/arm-none-eabi/12.3.1/thumb/v7e-m+fp/hard/libgcc.a(_arm_unorddf2.o)
                0x08000b2c                __aeabi_dcmpun
                0x08000b2c                __unorddf2
 .text          0x08000b58       0x50 /Applications/STM32CubeIDE.app/Contents/Eclipse/plugins/com.st.stm32cube.ide.mcu.externaltools.gnu-tools-for-stm32.12.3.rel1.macos64_1.1.0.202410301201/tools/bin/../lib/gcc/arm-none-eabi/12.3.1/thumb/v7e-m+fp/hard/libgcc.a(_arm_fixdfsi.o)
                0x08000b58                __fixdfsi
                0x08000b58                __aeabi_d2iz
 .text          0x08000ba8       0x30 /Applications/STM32CubeIDE.app/Contents/Eclipse/plugins/com.st.stm32cube.ide.mcu.externaltools.gnu-tools-for-stm32.12.3.rel1.macos64_1.1.0.202410301201/tools/bin/../lib/gcc/arm-none-eabi/12.3.1/thumb/v7e-m+fp/hard/libgcc.a(_aeabi_uldivmod.o)
                0x08000ba8                __aeabi_uldivmod
 .text          0x08000bd8      0x2bc /Applications/STM32CubeIDE.app/Contents/Eclipse/plugins/com.st.stm32cube.ide.mcu.externaltools.gnu-tools-for-stm32.12.3.rel1.macos64_1.1.0.202410301201/tools/bin/../lib/gcc/arm-none-eabi/12.3.1/thumb/v7e-m+fp/hard/libgcc.a(_udivmoddi4.o)
                0x08000bd8                __udivmoddi4
 .text          0x08000e94        0x4 /Applications/STM32CubeIDE.app/Contents/Eclipse/plugins/com.st.stm32cube.ide.mcu.externaltools.gnu-tools-for-stm32.12.3.rel1.macos64_1.1.0.202410301201/tools/bin/../lib/gcc/arm-none-eabi/12.3.1/thumb/v7e-m+fp/hard/libgcc.a(_dvmd_tls.o)
                0x08000e94                __aeabi_ldiv0
                0x08000e94                __aeabi_idiv0
 *(.text*)
 .text.HAL_GPIO_EXTI_Callback
                0x08000e98       0x50 ./Core/Src/hall_callbacks.o
                0x08000e98                HAL_GPIO_EXTI_Callback
 .text.EXTI4_IRQHandler
                0x08000ee8        0xe ./Core/Src/hall_callbacks.o
                0x08000ee8                EXTI4_IRQHandler
 *fill*         0x08000ef6        0x2 
 .text.main     0x08000ef8      0x1a8 ./Core/Src/healthmonitor.o
                0x08000ef8                main
 .text.Error_Handler
                0x080010a0       0x14 ./Core/Src/healthmonitor.o
                0x080010a0                Error_Handler
 .text.max3010x_INT_Callback
                0x080010b4       0x2c ./Core/Src/healthmonitor.o
                0x080010b4                max3010x_INT_Callback
 .text.HAL_SYSTICK_Callback
                0x080010e0       0x50 ./Core/Src/healthmonitor.o
                0x080010e0                HAL_SYSTICK_Callback
 .text.USER_Button_Callback
                0x08001130       0x18 ./Core/Src/healthmonitor.o
                0x08001130                USER_Button_Callback
 .text.WIFI_ReadLine
                0x08001148      0x14c ./Core/Src/healthmonitor.o
                0x08001148                WIFI_ReadLine
 .text.WIFI_SendLine
                0x08001294       0xc4 ./Core/Src/healthmonitor.o
                0x08001294                WIFI_SendLine
 .text.WIFI_SendHTTPRequest
                0x08001358      0x160 ./Core/Src/healthmonitor.o
                0x08001358                WIFI_SendHTTPRequest
 .text.postData
                0x080014b8      0x19c ./Core/Src/healthmonitor.o
                0x080014b8                postData
 .text.detectFall
                0x08001654      0x12c ./Core/Src/healthmonitor.o
                0x08001654                detectFall
 .text.HAL_MspInit
                0x08001780       0x48 ./Core/Src/stm32l4xx_hal_msp.o
                0x08001780                HAL_MspInit
 .text.HAL_I2C_MspInit
                0x080017c8       0xbc ./Core/Src/stm32l4xx_hal_msp.o
                0x080017c8                HAL_I2C_MspInit
 .text.HAL_I2C_MspDeInit
                0x08001884       0x48 ./Core/Src/stm32l4xx_hal_msp.o
                0x08001884                HAL_I2C_MspDeInit
 .text.HAL_SPI_MspInit
                0x080018cc       0x98 ./Core/Src/stm32l4xx_hal_msp.o
                0x080018cc                HAL_SPI_MspInit
 .text.HAL_SPI_MspDeInit
                0x08001964       0x44 ./Core/Src/stm32l4xx_hal_msp.o
                0x08001964                HAL_SPI_MspDeInit
 .text.HAL_UART_MspInit
                0x080019a8       0xbc ./Core/Src/stm32l4xx_hal_msp.o
                0x080019a8                HAL_UART_MspInit
 .text.NMI_Handler
                0x08001a64        0x8 ./Core/Src/stm32l4xx_it.o
                0x08001a64                NMI_Handler
 .text.HardFault_Handler
                0x08001a6c        0x8 ./Core/Src/stm32l4xx_it.o
                0x08001a6c                HardFault_Handler
 .text.MemManage_Handler
                0x08001a74        0x8 ./Core/Src/stm32l4xx_it.o
                0x08001a74                MemManage_Handler
 .text.BusFault_Handler
                0x08001a7c        0x8 ./Core/Src/stm32l4xx_it.o
                0x08001a7c                BusFault_Handler
 .text.UsageFault_Handler
                0x08001a84        0x8 ./Core/Src/stm32l4xx_it.o
                0x08001a84                UsageFault_Handler
 .text.SVC_Handler
                0x08001a8c        0xe ./Core/Src/stm32l4xx_it.o
                0x08001a8c                SVC_Handler
 .text.DebugMon_Handler
                0x08001a9a        0xe ./Core/Src/stm32l4xx_it.o
                0x08001a9a                DebugMon_Handler
 .text.PendSV_Handler
                0x08001aa8        0xe ./Core/Src/stm32l4xx_it.o
                0x08001aa8                PendSV_Handler
 .text.SysTick_Handler
                0x08001ab6       0x10 ./Core/Src/stm32l4xx_it.o
                0x08001ab6                SysTick_Handler
 .text.EXTI1_IRQHandler
                0x08001ac6        0xe ./Core/Src/stm32l4xx_it.o
                0x08001ac6                EXTI1_IRQHandler
 .text.EXTI9_5_IRQHandler
                0x08001ad4       0x22 ./Core/Src/stm32l4xx_it.o
                0x08001ad4                EXTI9_5_IRQHandler
 .text.EXTI15_10_IRQHandler
                0x08001af6       0x30 ./Core/Src/stm32l4xx_it.o
                0x08001af6                EXTI15_10_IRQHandler
 *fill*         0x08001b26        0x2 
 .text.SPI3_IRQHandler
                0x08001b28       0x14 ./Core/Src/stm32l4xx_it.o
                0x08001b28                SPI3_IRQHandler
 .text._getpid  0x08001b3c       0x10 ./Core/Src/syscalls.o
                0x08001b3c                _getpid
 .text._kill    0x08001b4c       0x20 ./Core/Src/syscalls.o
                0x08001b4c                _kill
 .text._exit    0x08001b6c       0x16 ./Core/Src/syscalls.o
                0x08001b6c                _exit
 .text._read    0x08001b82       0x3a ./Core/Src/syscalls.o
                0x08001b82                _read
 .text._write   0x08001bbc       0x38 ./Core/Src/syscalls.o
                0x08001bbc                _write
 .text._close   0x08001bf4       0x18 ./Core/Src/syscalls.o
                0x08001bf4                _close
 .text._fstat   0x08001c0c       0x20 ./Core/Src/syscalls.o
                0x08001c0c                _fstat
 .text._isatty  0x08001c2c       0x16 ./Core/Src/syscalls.o
                0x08001c2c                _isatty
 .text._lseek   0x08001c42       0x1a ./Core/Src/syscalls.o
                0x08001c42                _lseek
 .text._sbrk    0x08001c5c       0x6c ./Core/Src/sysmem.o
                0x08001c5c                _sbrk
 .text.SystemInit
                0x08001cc8       0x24 ./Core/Src/system_stm32l4xx.o
                0x08001cc8                SystemInit
 .text.__io_putchar
                0x08001cec       0x24 ./Core/Src/io/putc.o
                0x08001cec                __io_putchar
 .text.Clock_Init
                0x08001d10      0x12c ./Core/Src/peripherals/clock.o
                0x08001d10                Clock_Init
 .text.GPIO_Init
                0x08001e3c      0x360 ./Core/Src/peripherals/gpio.o
                0x08001e3c                GPIO_Init
 .text.I2C1_Init
                0x0800219c       0x80 ./Core/Src/peripherals/i2c.o
                0x0800219c                I2C1_Init
 .text.UART1_Init
                0x0800221c       0x58 ./Core/Src/peripherals/uart.o
                0x0800221c                UART1_Init
 .text.Reset_Handler
                0x08002274       0x50 ./Core/Startup/startup_stm32l475vgtx.o
                0x08002274                Reset_Handler
 .text.Default_Handler
                0x080022c4        0x2 ./Core/Startup/startup_stm32l475vgtx.o
                0x080022c4                TIM1_BRK_TIM15_IRQHandler
                0x080022c4                EXTI2_IRQHandler
                0x080022c4                TIM8_TRG_COM_IRQHandler
                0x080022c4                TIM8_CC_IRQHandler
                0x080022c4                TIM1_CC_IRQHandler
                0x080022c4                TSC_IRQHandler
                0x080022c4                TAMP_STAMP_IRQHandler
                0x080022c4                EXTI3_IRQHandler
                0x080022c4                LPTIM2_IRQHandler
                0x080022c4                DFSDM1_FLT1_IRQHandler
                0x080022c4                I2C3_ER_IRQHandler
                0x080022c4                DFSDM1_FLT2_IRQHandler
                0x080022c4                EXTI0_IRQHandler
                0x080022c4                I2C2_EV_IRQHandler
                0x080022c4                CAN1_RX0_IRQHandler
                0x080022c4                FPU_IRQHandler
                0x080022c4                TIM1_UP_TIM16_IRQHandler
                0x080022c4                ADC1_2_IRQHandler
                0x080022c4                SPI1_IRQHandler
                0x080022c4                TIM6_DAC_IRQHandler
                0x080022c4                TIM8_UP_IRQHandler
                0x080022c4                DMA2_Channel2_IRQHandler
                0x080022c4                DMA1_Channel4_IRQHandler
                0x080022c4                SAI2_IRQHandler
                0x080022c4                DFSDM1_FLT3_IRQHandler
                0x080022c4                USART3_IRQHandler
                0x080022c4                DMA1_Channel7_IRQHandler
                0x080022c4                CAN1_RX1_IRQHandler
                0x080022c4                UART5_IRQHandler
                0x080022c4                ADC3_IRQHandler
                0x080022c4                TIM4_IRQHandler
                0x080022c4                DMA2_Channel1_IRQHandler
                0x080022c4                QUADSPI_IRQHandler
                0x080022c4                I2C1_EV_IRQHandler
                0x080022c4                DMA1_Channel6_IRQHandler
                0x080022c4                UART4_IRQHandler
                0x080022c4                DMA2_Channel4_IRQHandler
                0x080022c4                TIM3_IRQHandler
                0x080022c4                RCC_IRQHandler
                0x080022c4                DMA1_Channel1_IRQHandler
                0x080022c4                Default_Handler
                0x080022c4                DMA2_Channel7_IRQHandler
                0x080022c4                TIM7_IRQHandler
                0x080022c4                SDMMC1_IRQHandler
                0x080022c4                TIM5_IRQHandler
                0x080022c4                I2C3_EV_IRQHandler
                0x080022c4                RTC_WKUP_IRQHandler
                0x080022c4                PVD_PVM_IRQHandler
                0x080022c4                SPI2_IRQHandler
                0x080022c4                CAN1_TX_IRQHandler
                0x080022c4                DMA2_Channel5_IRQHandler
                0x080022c4                DMA1_Channel5_IRQHandler
                0x080022c4                RNG_IRQHandler
                0x080022c4                TIM1_TRG_COM_TIM17_IRQHandler
                0x080022c4                DMA1_Channel3_IRQHandler
                0x080022c4                COMP_IRQHandler
                0x080022c4                WWDG_IRQHandler
                0x080022c4                LPUART1_IRQHandler
                0x080022c4                DMA2_Channel6_IRQHandler
                0x080022c4                TIM2_IRQHandler
                0x080022c4                USART2_IRQHandler
                0x080022c4                DFSDM1_FLT0_IRQHandler
                0x080022c4                I2C2_ER_IRQHandler
                0x080022c4                DMA1_Channel2_IRQHandler
                0x080022c4                TIM8_BRK_IRQHandler
                0x080022c4                CAN1_SCE_IRQHandler
                0x080022c4                FLASH_IRQHandler
                0x080022c4                USART1_IRQHandler
                0x080022c4                OTG_FS_IRQHandler
                0x080022c4                I2C1_ER_IRQHandler
                0x080022c4                FMC_IRQHandler
                0x080022c4                SWPMI1_IRQHandler
                0x080022c4                LPTIM1_IRQHandler
                0x080022c4                SAI1_IRQHandler
                0x080022c4                DMA2_Channel3_IRQHandler
                0x080022c4                RTC_Alarm_IRQHandler
 *fill*         0x080022c6        0x2 
 .text.BSP_COM_Init
                0x080022c8       0xd8 ./Drivers/BSP_B-L475E-IOT01/Drivers/BSP/B-L475E-IOT01/stm32l475e_iot01.o
                0x080022c8                BSP_COM_Init
 .text.I2Cx_MspInit
                0x080023a0       0xb0 ./Drivers/BSP_B-L475E-IOT01/Drivers/BSP/B-L475E-IOT01/stm32l475e_iot01.o
 .text.I2Cx_Init
                0x08002450       0x5c ./Drivers/BSP_B-L475E-IOT01/Drivers/BSP/B-L475E-IOT01/stm32l475e_iot01.o
 .text.I2Cx_ReadMultiple
                0x080024ac       0x5a ./Drivers/BSP_B-L475E-IOT01/Drivers/BSP/B-L475E-IOT01/stm32l475e_iot01.o
 .text.I2Cx_WriteMultiple
                0x08002506       0x5a ./Drivers/BSP_B-L475E-IOT01/Drivers/BSP/B-L475E-IOT01/stm32l475e_iot01.o
 .text.I2Cx_Error
                0x08002560       0x20 ./Drivers/BSP_B-L475E-IOT01/Drivers/BSP/B-L475E-IOT01/stm32l475e_iot01.o
 .text.SENSOR_IO_Init
                0x08002580       0x14 ./Drivers/BSP_B-L475E-IOT01/Drivers/BSP/B-L475E-IOT01/stm32l475e_iot01.o
                0x08002580                SENSOR_IO_Init
 .text.SENSOR_IO_Write
                0x08002594       0x34 ./Drivers/BSP_B-L475E-IOT01/Drivers/BSP/B-L475E-IOT01/stm32l475e_iot01.o
                0x08002594                SENSOR_IO_Write
 .text.SENSOR_IO_Read
                0x080025c8       0x3c ./Drivers/BSP_B-L475E-IOT01/Drivers/BSP/B-L475E-IOT01/stm32l475e_iot01.o
                0x080025c8                SENSOR_IO_Read
 .text.SENSOR_IO_ReadMultiple
                0x08002604       0x3c ./Drivers/BSP_B-L475E-IOT01/Drivers/BSP/B-L475E-IOT01/stm32l475e_iot01.o
                0x08002604                SENSOR_IO_ReadMultiple
 .text.BSP_ACCELERO_Init
                0x08002640       0x7c ./Drivers/BSP_B-L475E-IOT01/Drivers/BSP/B-L475E-IOT01/stm32l475e_iot01_accelero.o
                0x08002640                BSP_ACCELERO_Init
 .text.BSP_ACCELERO_AccGetXYZ
                0x080026bc       0x30 ./Drivers/BSP_B-L475E-IOT01/Drivers/BSP/B-L475E-IOT01/stm32l475e_iot01_accelero.o
                0x080026bc                BSP_ACCELERO_AccGetXYZ
 .text.BSP_GYRO_Init
                0x080026ec       0x84 ./Drivers/BSP_B-L475E-IOT01/Drivers/BSP/B-L475E-IOT01/stm32l475e_iot01_gyro.o
                0x080026ec                BSP_GYRO_Init
 .text.BSP_HSENSOR_Init
                0x08002770       0x40 ./Drivers/BSP_B-L475E-IOT01/Drivers/BSP/B-L475E-IOT01/stm32l475e_iot01_hsensor.o
                0x08002770                BSP_HSENSOR_Init
 .text.BSP_HSENSOR_ReadHumidity
                0x080027b0       0x1c ./Drivers/BSP_B-L475E-IOT01/Drivers/BSP/B-L475E-IOT01/stm32l475e_iot01_hsensor.o
                0x080027b0                BSP_HSENSOR_ReadHumidity
 .text.BSP_MAGNETO_Init
                0x080027cc       0x58 ./Drivers/BSP_B-L475E-IOT01/Drivers/BSP/B-L475E-IOT01/stm32l475e_iot01_magneto.o
                0x080027cc                BSP_MAGNETO_Init
 .text.BSP_PSENSOR_Init
                0x08002824       0x40 ./Drivers/BSP_B-L475E-IOT01/Drivers/BSP/B-L475E-IOT01/stm32l475e_iot01_psensor.o
                0x08002824                BSP_PSENSOR_Init
 .text.BSP_PSENSOR_ReadPressure
                0x08002864       0x1c ./Drivers/BSP_B-L475E-IOT01/Drivers/BSP/B-L475E-IOT01/stm32l475e_iot01_psensor.o
                0x08002864                BSP_PSENSOR_ReadPressure
 .text.BSP_TSENSOR_Init
                0x08002880       0x38 ./Drivers/BSP_B-L475E-IOT01/Drivers/BSP/B-L475E-IOT01/stm32l475e_iot01_tsensor.o
                0x08002880                BSP_TSENSOR_Init
 .text.BSP_TSENSOR_ReadTemp
                0x080028b8       0x1c ./Drivers/BSP_B-L475E-IOT01/Drivers/BSP/B-L475E-IOT01/stm32l475e_iot01_tsensor.o
                0x080028b8                BSP_TSENSOR_ReadTemp
 .text.HTS221_H_Init
                0x080028d4       0x58 ./Drivers/BSP_B-L475E-IOT01/Drivers/BSP/Components/hts221/hts221.o
                0x080028d4                HTS221_H_Init
 .text.HTS221_H_ReadID
                0x0800292c       0x2c ./Drivers/BSP_B-L475E-IOT01/Drivers/BSP/Components/hts221/hts221.o
                0x0800292c                HTS221_H_ReadID
 .text.HTS221_H_ReadHumidity
                0x08002958      0x138 ./Drivers/BSP_B-L475E-IOT01/Drivers/BSP/Components/hts221/hts221.o
                0x08002958                HTS221_H_ReadHumidity
 .text.HTS221_T_Init
                0x08002a90       0x5a ./Drivers/BSP_B-L475E-IOT01/Drivers/BSP/Components/hts221/hts221.o
                0x08002a90                HTS221_T_Init
 .text.HTS221_T_ReadTemp
                0x08002aea      0x10e ./Drivers/BSP_B-L475E-IOT01/Drivers/BSP/Components/hts221/hts221.o
                0x08002aea                HTS221_T_ReadTemp
 .text.LIS3MDL_MagInit
                0x08002bf8       0x50 ./Drivers/BSP_B-L475E-IOT01/Drivers/BSP/Components/lis3mdl/lis3mdl.o
                0x08002bf8                LIS3MDL_MagInit
 .text.LIS3MDL_MagDeInit
                0x08002c48       0x3a ./Drivers/BSP_B-L475E-IOT01/Drivers/BSP/Components/lis3mdl/lis3mdl.o
                0x08002c48                LIS3MDL_MagDeInit
 .text.LIS3MDL_MagReadID
                0x08002c82       0x16 ./Drivers/BSP_B-L475E-IOT01/Drivers/BSP/Components/lis3mdl/lis3mdl.o
                0x08002c82                LIS3MDL_MagReadID
 .text.LIS3MDL_MagLowPower
                0x08002c98       0x44 ./Drivers/BSP_B-L475E-IOT01/Drivers/BSP/Components/lis3mdl/lis3mdl.o
                0x08002c98                LIS3MDL_MagLowPower
 .text.LIS3MDL_MagReadXYZ
                0x08002cdc      0x108 ./Drivers/BSP_B-L475E-IOT01/Drivers/BSP/Components/lis3mdl/lis3mdl.o
                0x08002cdc                LIS3MDL_MagReadXYZ
 .text.LPS22HB_P_Init
                0x08002de4       0x1a ./Drivers/BSP_B-L475E-IOT01/Drivers/BSP/Components/lps22hb/lps22hb.o
                0x08002de4                LPS22HB_P_Init
 .text.LPS22HB_P_ReadID
                0x08002dfe       0x2c ./Drivers/BSP_B-L475E-IOT01/Drivers/BSP/Components/lps22hb/lps22hb.o
                0x08002dfe                LPS22HB_P_ReadID
 *fill*         0x08002e2a        0x2 
 .text.LPS22HB_P_ReadPressure
                0x08002e2c       0xbc ./Drivers/BSP_B-L475E-IOT01/Drivers/BSP/Components/lps22hb/lps22hb.o
                0x08002e2c                LPS22HB_P_ReadPressure
 .text.LPS22HB_Init
                0x08002ee8       0x7e ./Drivers/BSP_B-L475E-IOT01/Drivers/BSP/Components/lps22hb/lps22hb.o
 .text.LSM6DSL_AccInit
                0x08002f66       0x72 ./Drivers/BSP_B-L475E-IOT01/Drivers/BSP/Components/lsm6dsl/lsm6dsl.o
                0x08002f66                LSM6DSL_AccInit
 .text.LSM6DSL_AccDeInit
                0x08002fd8       0x32 ./Drivers/BSP_B-L475E-IOT01/Drivers/BSP/Components/lsm6dsl/lsm6dsl.o
                0x08002fd8                LSM6DSL_AccDeInit
 .text.LSM6DSL_AccReadID
                0x0800300a       0x16 ./Drivers/BSP_B-L475E-IOT01/Drivers/BSP/Components/lsm6dsl/lsm6dsl.o
                0x0800300a                LSM6DSL_AccReadID
 .text.LSM6DSL_AccLowPower
                0x08003020       0x44 ./Drivers/BSP_B-L475E-IOT01/Drivers/BSP/Components/lsm6dsl/lsm6dsl.o
                0x08003020                LSM6DSL_AccLowPower
 .text.LSM6DSL_AccReadXYZ
                0x08003064      0x12c ./Drivers/BSP_B-L475E-IOT01/Drivers/BSP/Components/lsm6dsl/lsm6dsl.o
                0x08003064                LSM6DSL_AccReadXYZ
 .text.LSM6DSL_GyroInit
                0x08003190       0x72 ./Drivers/BSP_B-L475E-IOT01/Drivers/BSP/Components/lsm6dsl/lsm6dsl.o
                0x08003190                LSM6DSL_GyroInit
 .text.LSM6DSL_GyroDeInit
                0x08003202       0x32 ./Drivers/BSP_B-L475E-IOT01/Drivers/BSP/Components/lsm6dsl/lsm6dsl.o
                0x08003202                LSM6DSL_GyroDeInit
 .text.LSM6DSL_GyroReadID
                0x08003234       0x16 ./Drivers/BSP_B-L475E-IOT01/Drivers/BSP/Components/lsm6dsl/lsm6dsl.o
                0x08003234                LSM6DSL_GyroReadID
 .text.LSM6DSL_GyroLowPower
                0x0800324a       0x44 ./Drivers/BSP_B-L475E-IOT01/Drivers/BSP/Components/lsm6dsl/lsm6dsl.o
                0x0800324a                LSM6DSL_GyroLowPower
 *fill*         0x0800328e        0x2 
 .text.LSM6DSL_GyroReadXYZAngRate
                0x08003290      0x124 ./Drivers/BSP_B-L475E-IOT01/Drivers/BSP/Components/lsm6dsl/lsm6dsl.o
                0x08003290                LSM6DSL_GyroReadXYZAngRate
 .text.M24SR_GPO_Callback
                0x080033b4       0x24 ./Drivers/M24SR/m24sr.o
                0x080033b4                M24SR_GPO_Callback
 .text.HAL_Init
                0x080033d8       0x30 ./Drivers/STM32L4xx_HAL_Driver/Src/stm32l4xx_hal.o
                0x080033d8                HAL_Init
 .text.HAL_InitTick
                0x08003408       0x78 ./Drivers/STM32L4xx_HAL_Driver/Src/stm32l4xx_hal.o
                0x08003408                HAL_InitTick
 .text.HAL_IncTick
                0x08003480       0x28 ./Drivers/STM32L4xx_HAL_Driver/Src/stm32l4xx_hal.o
                0x08003480                HAL_IncTick
 .text.HAL_GetTick
                0x080034a8       0x18 ./Drivers/STM32L4xx_HAL_Driver/Src/stm32l4xx_hal.o
                0x080034a8                HAL_GetTick
 .text.HAL_Delay
                0x080034c0       0x48 ./Drivers/STM32L4xx_HAL_Driver/Src/stm32l4xx_hal.o
                0x080034c0                HAL_Delay
 .text.__NVIC_SetPriorityGrouping
                0x08003508       0x48 ./Drivers/STM32L4xx_HAL_Driver/Src/stm32l4xx_hal_cortex.o
 .text.__NVIC_GetPriorityGrouping
                0x08003550       0x1c ./Drivers/STM32L4xx_HAL_Driver/Src/stm32l4xx_hal_cortex.o
 .text.__NVIC_EnableIRQ
                0x0800356c       0x3c ./Drivers/STM32L4xx_HAL_Driver/Src/stm32l4xx_hal_cortex.o
 .text.__NVIC_DisableIRQ
                0x080035a8       0x48 ./Drivers/STM32L4xx_HAL_Driver/Src/stm32l4xx_hal_cortex.o
 .text.__NVIC_SetPriority
                0x080035f0       0x54 ./Drivers/STM32L4xx_HAL_Driver/Src/stm32l4xx_hal_cortex.o
 .text.NVIC_EncodePriority
                0x08003644       0x66 ./Drivers/STM32L4xx_HAL_Driver/Src/stm32l4xx_hal_cortex.o
 *fill*         0x080036aa        0x2 
 .text.SysTick_Config
                0x080036ac       0x44 ./Drivers/STM32L4xx_HAL_Driver/Src/stm32l4xx_hal_cortex.o
 .text.HAL_NVIC_SetPriorityGrouping
                0x080036f0       0x16 ./Drivers/STM32L4xx_HAL_Driver/Src/stm32l4xx_hal_cortex.o
                0x080036f0                HAL_NVIC_SetPriorityGrouping
 .text.HAL_NVIC_SetPriority
                0x08003706       0x38 ./Drivers/STM32L4xx_HAL_Driver/Src/stm32l4xx_hal_cortex.o
                0x08003706                HAL_NVIC_SetPriority
 .text.HAL_NVIC_EnableIRQ
                0x0800373e       0x1c ./Drivers/STM32L4xx_HAL_Driver/Src/stm32l4xx_hal_cortex.o
                0x0800373e                HAL_NVIC_EnableIRQ
 .text.HAL_NVIC_DisableIRQ
                0x0800375a       0x1c ./Drivers/STM32L4xx_HAL_Driver/Src/stm32l4xx_hal_cortex.o
                0x0800375a                HAL_NVIC_DisableIRQ
 .text.HAL_SYSTICK_Config
                0x08003776       0x18 ./Drivers/STM32L4xx_HAL_Driver/Src/stm32l4xx_hal_cortex.o
                0x08003776                HAL_SYSTICK_Config
 .text.HAL_DMA_Abort_IT
                0x0800378e       0x82 ./Drivers/STM32L4xx_HAL_Driver/Src/stm32l4xx_hal_dma.o
                0x0800378e                HAL_DMA_Abort_IT
 .text.HAL_GPIO_Init
                0x08003810      0x354 ./Drivers/STM32L4xx_HAL_Driver/Src/stm32l4xx_hal_gpio.o
                0x08003810                HAL_GPIO_Init
 .text.HAL_GPIO_DeInit
                0x08003b64      0x1e8 ./Drivers/STM32L4xx_HAL_Driver/Src/stm32l4xx_hal_gpio.o
                0x08003b64                HAL_GPIO_DeInit
 .text.HAL_GPIO_ReadPin
                0x08003d4c       0x30 ./Drivers/STM32L4xx_HAL_Driver/Src/stm32l4xx_hal_gpio.o
                0x08003d4c                HAL_GPIO_ReadPin
 .text.HAL_GPIO_WritePin
                0x08003d7c       0x30 ./Drivers/STM32L4xx_HAL_Driver/Src/stm32l4xx_hal_gpio.o
                0x08003d7c                HAL_GPIO_WritePin
 .text.HAL_GPIO_EXTI_IRQHandler
                0x08003dac       0x30 ./Drivers/STM32L4xx_HAL_Driver/Src/stm32l4xx_hal_gpio.o
                0x08003dac                HAL_GPIO_EXTI_IRQHandler
 .text.HAL_I2C_Init
                0x08003ddc      0x136 ./Drivers/STM32L4xx_HAL_Driver/Src/stm32l4xx_hal_i2c.o
                0x08003ddc                HAL_I2C_Init
 .text.HAL_I2C_DeInit
                0x08003f12       0x5e ./Drivers/STM32L4xx_HAL_Driver/Src/stm32l4xx_hal_i2c.o
                0x08003f12                HAL_I2C_DeInit
 .text.HAL_I2C_Mem_Write
                0x08003f70      0x228 ./Drivers/STM32L4xx_HAL_Driver/Src/stm32l4xx_hal_i2c.o
                0x08003f70                HAL_I2C_Mem_Write
 .text.HAL_I2C_Mem_Read
                0x08004198      0x234 ./Drivers/STM32L4xx_HAL_Driver/Src/stm32l4xx_hal_i2c.o
                0x08004198                HAL_I2C_Mem_Read
 .text.I2C_RequestMemoryWrite
                0x080043cc       0xa8 ./Drivers/STM32L4xx_HAL_Driver/Src/stm32l4xx_hal_i2c.o
 .text.I2C_RequestMemoryRead
                0x08004474       0xa8 ./Drivers/STM32L4xx_HAL_Driver/Src/stm32l4xx_hal_i2c.o
 .text.I2C_Flush_TXDR
                0x0800451c       0x48 ./Drivers/STM32L4xx_HAL_Driver/Src/stm32l4xx_hal_i2c.o
 .text.I2C_WaitOnFlagUntilTimeout
                0x08004564       0xb2 ./Drivers/STM32L4xx_HAL_Driver/Src/stm32l4xx_hal_i2c.o
 .text.I2C_WaitOnTXISFlagUntilTimeout
                0x08004616       0x8e ./Drivers/STM32L4xx_HAL_Driver/Src/stm32l4xx_hal_i2c.o
 .text.I2C_WaitOnSTOPFlagUntilTimeout
                0x080046a4       0x86 ./Drivers/STM32L4xx_HAL_Driver/Src/stm32l4xx_hal_i2c.o
 *fill*         0x0800472a        0x2 
 .text.I2C_IsErrorOccurred
                0x0800472c      0x1c0 ./Drivers/STM32L4xx_HAL_Driver/Src/stm32l4xx_hal_i2c.o
 .text.I2C_TransferConfig
                0x080048ec       0x64 ./Drivers/STM32L4xx_HAL_Driver/Src/stm32l4xx_hal_i2c.o
 .text.HAL_I2CEx_ConfigAnalogFilter
                0x08004950       0x96 ./Drivers/STM32L4xx_HAL_Driver/Src/stm32l4xx_hal_i2c_ex.o
                0x08004950                HAL_I2CEx_ConfigAnalogFilter
 .text.HAL_I2CEx_ConfigDigitalFilter
                0x080049e6       0x98 ./Drivers/STM32L4xx_HAL_Driver/Src/stm32l4xx_hal_i2c_ex.o
                0x080049e6                HAL_I2CEx_ConfigDigitalFilter
 *fill*         0x08004a7e        0x2 
 .text.HAL_PWREx_GetVoltageRange
                0x08004a80       0x1c ./Drivers/STM32L4xx_HAL_Driver/Src/stm32l4xx_hal_pwr_ex.o
                0x08004a80                HAL_PWREx_GetVoltageRange
 .text.HAL_PWREx_ControlVoltageScaling
                0x08004a9c       0xac ./Drivers/STM32L4xx_HAL_Driver/Src/stm32l4xx_hal_pwr_ex.o
                0x08004a9c                HAL_PWREx_ControlVoltageScaling
 .text.HAL_RCC_OscConfig
                0x08004b48      0x7b8 ./Drivers/STM32L4xx_HAL_Driver/Src/stm32l4xx_hal_rcc.o
                0x08004b48                HAL_RCC_OscConfig
 .text.HAL_RCC_ClockConfig
                0x08005300      0x200 ./Drivers/STM32L4xx_HAL_Driver/Src/stm32l4xx_hal_rcc.o
                0x08005300                HAL_RCC_ClockConfig
 .text.HAL_RCC_GetSysClockFreq
                0x08005500      0x118 ./Drivers/STM32L4xx_HAL_Driver/Src/stm32l4xx_hal_rcc.o
                0x08005500                HAL_RCC_GetSysClockFreq
 .text.HAL_RCC_GetHCLKFreq
                0x08005618       0x18 ./Drivers/STM32L4xx_HAL_Driver/Src/stm32l4xx_hal_rcc.o
                0x08005618                HAL_RCC_GetHCLKFreq
 .text.HAL_RCC_GetPCLK1Freq
                0x08005630       0x2c ./Drivers/STM32L4xx_HAL_Driver/Src/stm32l4xx_hal_rcc.o
                0x08005630                HAL_RCC_GetPCLK1Freq
 .text.HAL_RCC_GetPCLK2Freq
                0x0800565c       0x2c ./Drivers/STM32L4xx_HAL_Driver/Src/stm32l4xx_hal_rcc.o
                0x0800565c                HAL_RCC_GetPCLK2Freq
 .text.RCC_SetFlashLatencyFromMSIRange
                0x08005688       0xc0 ./Drivers/STM32L4xx_HAL_Driver/Src/stm32l4xx_hal_rcc.o
 .text.HAL_RCCEx_PeriphCLKConfig
                0x08005748      0x5d4 ./Drivers/STM32L4xx_HAL_Driver/Src/stm32l4xx_hal_rcc_ex.o
                0x08005748                HAL_RCCEx_PeriphCLKConfig
 .text.HAL_RCCEx_EnableMSIPLLMode
                0x08005d1c       0x20 ./Drivers/STM32L4xx_HAL_Driver/Src/stm32l4xx_hal_rcc_ex.o
                0x08005d1c                HAL_RCCEx_EnableMSIPLLMode
 .text.RCCEx_PLLSAI1_Config
                0x08005d3c      0x1e8 ./Drivers/STM32L4xx_HAL_Driver/Src/stm32l4xx_hal_rcc_ex.o
 .text.RCCEx_PLLSAI2_Config
                0x08005f24      0x1bc ./Drivers/STM32L4xx_HAL_Driver/Src/stm32l4xx_hal_rcc_ex.o
 .text.HAL_SPI_Init
                0x080060e0      0x146 ./Drivers/STM32L4xx_HAL_Driver/Src/stm32l4xx_hal_spi.o
                0x080060e0                HAL_SPI_Init
 .text.HAL_SPI_DeInit
                0x08006226       0x50 ./Drivers/STM32L4xx_HAL_Driver/Src/stm32l4xx_hal_spi.o
                0x08006226                HAL_SPI_DeInit
 .text.HAL_SPI_Receive
                0x08006276      0x270 ./Drivers/STM32L4xx_HAL_Driver/Src/stm32l4xx_hal_spi.o
                0x08006276                HAL_SPI_Receive
 .text.HAL_SPI_TransmitReceive
                0x080064e6      0x43e ./Drivers/STM32L4xx_HAL_Driver/Src/stm32l4xx_hal_spi.o
                0x080064e6                HAL_SPI_TransmitReceive
 .text.HAL_SPI_Transmit_IT
                0x08006924      0x110 ./Drivers/STM32L4xx_HAL_Driver/Src/stm32l4xx_hal_spi.o
                0x08006924                HAL_SPI_Transmit_IT
 .text.HAL_SPI_Receive_IT
                0x08006a34      0x154 ./Drivers/STM32L4xx_HAL_Driver/Src/stm32l4xx_hal_spi.o
                0x08006a34                HAL_SPI_Receive_IT
 .text.HAL_SPI_TransmitReceive_IT
                0x08006b88      0x154 ./Drivers/STM32L4xx_HAL_Driver/Src/stm32l4xx_hal_spi.o
                0x08006b88                HAL_SPI_TransmitReceive_IT
 .text.HAL_SPI_IRQHandler
                0x08006cdc      0x1e8 ./Drivers/STM32L4xx_HAL_Driver/Src/stm32l4xx_hal_spi.o
                0x08006cdc                HAL_SPI_IRQHandler
 .text.HAL_SPI_TxRxCpltCallback
                0x08006ec4       0x14 ./Drivers/STM32L4xx_HAL_Driver/Src/stm32l4xx_hal_spi.o
                0x08006ec4                HAL_SPI_TxRxCpltCallback
 .text.HAL_SPI_ErrorCallback
                0x08006ed8       0x14 ./Drivers/STM32L4xx_HAL_Driver/Src/stm32l4xx_hal_spi.o
                0x08006ed8                HAL_SPI_ErrorCallback
 .text.SPI_DMAAbortOnError
                0x08006eec       0x2a ./Drivers/STM32L4xx_HAL_Driver/Src/stm32l4xx_hal_spi.o
 .text.SPI_2linesRxISR_8BIT
                0x08006f16       0xbe ./Drivers/STM32L4xx_HAL_Driver/Src/stm32l4xx_hal_spi.o
 .text.SPI_2linesTxISR_8BIT
                0x08006fd4       0x92 ./Drivers/STM32L4xx_HAL_Driver/Src/stm32l4xx_hal_spi.o
 .text.SPI_2linesRxISR_16BIT
                0x08007066       0x66 ./Drivers/STM32L4xx_HAL_Driver/Src/stm32l4xx_hal_spi.o
 .text.SPI_2linesTxISR_16BIT
                0x080070cc       0x60 ./Drivers/STM32L4xx_HAL_Driver/Src/stm32l4xx_hal_spi.o
 .text.SPI_RxISR_8BIT
                0x0800712c       0x50 ./Drivers/STM32L4xx_HAL_Driver/Src/stm32l4xx_hal_spi.o
 .text.SPI_RxISR_16BIT
                0x0800717c       0x4c ./Drivers/STM32L4xx_HAL_Driver/Src/stm32l4xx_hal_spi.o
 .text.SPI_TxISR_8BIT
                0x080071c8       0x46 ./Drivers/STM32L4xx_HAL_Driver/Src/stm32l4xx_hal_spi.o
 .text.SPI_TxISR_16BIT
                0x0800720e       0x44 ./Drivers/STM32L4xx_HAL_Driver/Src/stm32l4xx_hal_spi.o
 *fill*         0x08007252        0x2 
 .text.SPI_WaitFlagStateUntilTimeout
                0x08007254      0x110 ./Drivers/STM32L4xx_HAL_Driver/Src/stm32l4xx_hal_spi.o
 .text.SPI_WaitFifoStateUntilTimeout
                0x08007364      0x12c ./Drivers/STM32L4xx_HAL_Driver/Src/stm32l4xx_hal_spi.o
 .text.SPI_EndRxTransaction
                0x08007490       0xb0 ./Drivers/STM32L4xx_HAL_Driver/Src/stm32l4xx_hal_spi.o
 .text.SPI_EndRxTxTransaction
                0x08007540       0x8c ./Drivers/STM32L4xx_HAL_Driver/Src/stm32l4xx_hal_spi.o
 .text.SPI_CloseRxTx_ISR
                0x080075cc       0x84 ./Drivers/STM32L4xx_HAL_Driver/Src/stm32l4xx_hal_spi.o
 .text.SPI_CloseRx_ISR
                0x08007650       0x60 ./Drivers/STM32L4xx_HAL_Driver/Src/stm32l4xx_hal_spi.o
 .text.SPI_CloseTx_ISR
                0x080076b0       0x7e ./Drivers/STM32L4xx_HAL_Driver/Src/stm32l4xx_hal_spi.o
 .text.HAL_UART_Init
                0x0800772e       0x9c ./Drivers/STM32L4xx_HAL_Driver/Src/stm32l4xx_hal_uart.o
                0x0800772e                HAL_UART_Init
 .text.HAL_UART_Transmit
                0x080077ca      0x112 ./Drivers/STM32L4xx_HAL_Driver/Src/stm32l4xx_hal_uart.o
                0x080077ca                HAL_UART_Transmit
 .text.UART_SetConfig
                0x080078dc      0x570 ./Drivers/STM32L4xx_HAL_Driver/Src/stm32l4xx_hal_uart.o
                0x080078dc                UART_SetConfig
 .text.UART_AdvFeatureConfig
                0x08007e4c      0x144 ./Drivers/STM32L4xx_HAL_Driver/Src/stm32l4xx_hal_uart.o
                0x08007e4c                UART_AdvFeatureConfig
 .text.UART_CheckIdleState
                0x08007f90      0x150 ./Drivers/STM32L4xx_HAL_Driver/Src/stm32l4xx_hal_uart.o
                0x08007f90                UART_CheckIdleState
 .text.UART_WaitOnFlagUntilTimeout
                0x080080e0       0xda ./Drivers/STM32L4xx_HAL_Driver/Src/stm32l4xx_hal_uart.o
                0x080080e0                UART_WaitOnFlagUntilTimeout
 .text.UART_EndRxTransfer
                0x080081ba       0xc8 ./Drivers/STM32L4xx_HAL_Driver/Src/stm32l4xx_hal_uart.o
 .text.Hex2Num  0x08008282       0x54 ./Drivers/es_wifi.o
 .text.ParseHexNumber
                0x080082d6       0x80 ./Drivers/es_wifi.o
 .text.ParseNumber
                0x08008356       0x88 ./Drivers/es_wifi.o
 .text.ParseMAC
                0x080083de       0x56 ./Drivers/es_wifi.o
 .text.ParseIP  0x08008434       0x56 ./Drivers/es_wifi.o
 *fill*         0x0800848a        0x2 
 .text.AT_ParseInfo
                0x0800848c       0xec ./Drivers/es_wifi.o
 .text.AT_ParseConnSettings
                0x08008578      0x160 ./Drivers/es_wifi.o
 .text.AT_ParseIsConnected
                0x080086d8       0x2c ./Drivers/es_wifi.o
 .text.AT_ExecuteCommand
                0x08008704       0xcc ./Drivers/es_wifi.o
 .text.AT_RequestSendData
                0x080087d0       0xec ./Drivers/es_wifi.o
 .text.AT_RequestReceiveData
                0x080088bc      0x12c ./Drivers/es_wifi.o
 .text.ES_WIFI_Init
                0x080089e8       0x5c ./Drivers/es_wifi.o
                0x080089e8                ES_WIFI_Init
 .text.ES_WIFI_RegisterBusIO
                0x08008a44       0x66 ./Drivers/es_wifi.o
                0x08008a44                ES_WIFI_RegisterBusIO
 *fill*         0x08008aaa        0x2 
 .text.ES_WIFI_Connect
                0x08008aac       0xf0 ./Drivers/es_wifi.o
                0x08008aac                ES_WIFI_Connect
 .text.ES_WIFI_IsConnected
                0x08008b9c       0x58 ./Drivers/es_wifi.o
                0x08008b9c                ES_WIFI_IsConnected
 .text.ES_WIFI_GetNetworkSettings
                0x08008bf4       0x54 ./Drivers/es_wifi.o
                0x08008bf4                ES_WIFI_GetNetworkSettings
 .text.ES_WIFI_GetMACAddress
                0x08008c48       0x64 ./Drivers/es_wifi.o
                0x08008c48                ES_WIFI_GetMACAddress
 .text.ES_WIFI_StartClientConnection
                0x08008cac      0x1d4 ./Drivers/es_wifi.o
                0x08008cac                ES_WIFI_StartClientConnection
 .text.ES_WIFI_StopClientConnection
                0x08008e80       0x74 ./Drivers/es_wifi.o
                0x08008e80                ES_WIFI_StopClientConnection
 .text.ES_WIFI_SendData
                0x08008ef4      0x10c ./Drivers/es_wifi.o
                0x08008ef4                ES_WIFI_SendData
 .text.ES_WIFI_ReceiveData
                0x08009000      0x114 ./Drivers/es_wifi.o
                0x08009000                ES_WIFI_ReceiveData
 .text.SPI_WIFI_MspInit
                0x08009114      0x178 ./Drivers/es_wifi_io.o
                0x08009114                SPI_WIFI_MspInit
 .text.SPI_WIFI_Init
                0x0800928c       0xbc ./Drivers/es_wifi_io.o
                0x0800928c                SPI_WIFI_Init
 .text.SPI_WIFI_ResetModule
                0x08009348       0xe0 ./Drivers/es_wifi_io.o
                0x08009348                SPI_WIFI_ResetModule
 .text.SPI_WIFI_DeInit
                0x08009428       0x14 ./Drivers/es_wifi_io.o
                0x08009428                SPI_WIFI_DeInit
 .text.wait_cmddata_rdy_high
                0x0800943c       0x44 ./Drivers/es_wifi_io.o
 .text.wait_cmddata_rdy_rising_event
                0x08009480       0x40 ./Drivers/es_wifi_io.o
 .text.wait_spi_rx_event
                0x080094c0       0x40 ./Drivers/es_wifi_io.o
 .text.wait_spi_tx_event
                0x08009500       0x40 ./Drivers/es_wifi_io.o
 .text.SPI_WIFI_ReceiveData
                0x08009540       0xf4 ./Drivers/es_wifi_io.o
                0x08009540                SPI_WIFI_ReceiveData
 .text.SPI_WIFI_SendData
                0x08009634       0xdc ./Drivers/es_wifi_io.o
                0x08009634                SPI_WIFI_SendData
 .text.SPI_WIFI_Delay
                0x08009710       0x16 ./Drivers/es_wifi_io.o
                0x08009710                SPI_WIFI_Delay
 *fill*         0x08009726        0x2 
 .text.SPI_WIFI_DelayUs
                0x08009728       0xa4 ./Drivers/es_wifi_io.o
 .text.HAL_SPI_RxCpltCallback
                0x080097cc       0x28 ./Drivers/es_wifi_io.o
                0x080097cc                HAL_SPI_RxCpltCallback
 .text.HAL_SPI_TxCpltCallback
                0x080097f4       0x28 ./Drivers/es_wifi_io.o
                0x080097f4                HAL_SPI_TxCpltCallback
 .text.SPI_WIFI_ISR
                0x0800981c       0x20 ./Drivers/es_wifi_io.o
                0x0800981c                SPI_WIFI_ISR
 .text.max_3010x_write
                0x0800983c       0x38 ./Drivers/max30105.o
 .text.max_3010x_read
                0x08009874       0x38 ./Drivers/max30105.o
 .text.max_3010x_read_multiple
                0x080098ac       0x38 ./Drivers/max30105.o
 .text.max3010x_init
                0x080098e4       0xc8 ./Drivers/max30105.o
                0x080098e4                max3010x_init
 .text.max3010x_getUnreadSampleCount
                0x080099ac       0x78 ./Drivers/max30105.o
                0x080099ac                max3010x_getUnreadSampleCount
 .text.max3010x_getFIFO
                0x08009a24      0x10e ./Drivers/max30105.o
                0x08009a24                max3010x_getFIFO
 .text.max3010x_getStatus
                0x08009b32       0x32 ./Drivers/max30105.o
                0x08009b32                max3010x_getStatus
 .text.maxim_heart_rate_and_oxygen_saturation
                0x08009b64      0x60c ./Drivers/max30105.o
                0x08009b64                maxim_heart_rate_and_oxygen_saturation
 .text.maxim_find_peaks
                0x0800a170       0x42 ./Drivers/max30105.o
                0x0800a170                maxim_find_peaks
 .text.maxim_peaks_above_min_height
                0x0800a1b2       0xe8 ./Drivers/max30105.o
                0x0800a1b2                maxim_peaks_above_min_height
 .text.maxim_remove_close_peaks
                0x0800a29a       0xc0 ./Drivers/max30105.o
                0x0800a29a                maxim_remove_close_peaks
 .text.maxim_sort_ascend
                0x0800a35a       0x86 ./Drivers/max30105.o
                0x0800a35a                maxim_sort_ascend
 .text.maxim_sort_indices_descend
                0x0800a3e0       0x98 ./Drivers/max30105.o
                0x0800a3e0                maxim_sort_indices_descend
 .text.max3010x_cal
                0x0800a478      0x1f4 ./Drivers/max30105.o
                0x0800a478                max3010x_cal
 .text.I2C_MAX30105_ISR
                0x0800a66c       0x1e ./Drivers/max30105.o
                0x0800a66c                I2C_MAX30105_ISR
 *fill*         0x0800a68a        0x2 
 .text.max3010x_getHeartRate
                0x0800a68c       0x18 ./Drivers/max30105.o
                0x0800a68c                max3010x_getHeartRate
 .text.max3010x_getSpO2
                0x0800a6a4       0x18 ./Drivers/max30105.o
                0x0800a6a4                max3010x_getSpO2
 .text.max3010x_isHeartRateValid
                0x0800a6bc       0x1c ./Drivers/max30105.o
                0x0800a6bc                max3010x_isHeartRateValid
 .text.max3010x_isSpO2Valid
                0x0800a6d8       0x1c ./Drivers/max30105.o
                0x0800a6d8                max3010x_isSpO2Valid
 .text.mlx90615_write
                0x0800a6f4       0x48 ./Drivers/mlx90615.o
 .text.mlx90615_read
                0x0800a73c       0x44 ./Drivers/mlx90615.o
 .text.mlx90615_init
                0x0800a780       0x30 ./Drivers/mlx90615.o
                0x0800a780                mlx90615_init
 .text.WIFI_Init
                0x0800a7b0       0x58 ./Drivers/wifi.o
                0x0800a7b0                WIFI_Init
 .text.WIFI_Connect
                0x0800a808       0x44 ./Drivers/wifi.o
                0x0800a808                WIFI_Connect
 .text.WIFI_GetMAC_Address
                0x0800a84c       0x2c ./Drivers/wifi.o
                0x0800a84c                WIFI_GetMAC_Address
 .text.WIFI_GetIP_Address
                0x0800a878       0x38 ./Drivers/wifi.o
                0x0800a878                WIFI_GetIP_Address
 .text.WIFI_OpenClientConnection
                0x0800a8b0       0x78 ./Drivers/wifi.o
                0x0800a8b0                WIFI_OpenClientConnection
 .text.WIFI_CloseClientConnection
                0x0800a928       0x38 ./Drivers/wifi.o
                0x0800a928                WIFI_CloseClientConnection
 .text.WIFI_SendData
                0x0800a960       0x44 ./Drivers/wifi.o
                0x0800a960                WIFI_SendData
 .text.WIFI_ReceiveData
                0x0800a9a4       0x44 ./Drivers/wifi.o
                0x0800a9a4                WIFI_ReceiveData
 .text.__cvt    0x0800a9e8       0xca /Applications/STM32CubeIDE.app/Contents/Eclipse/plugins/com.st.stm32cube.ide.mcu.externaltools.gnu-tools-for-stm32.12.3.rel1.macos64_1.1.0.202410301201/tools/bin/../lib/gcc/arm-none-eabi/12.3.1/../../../../arm-none-eabi/lib/thumb/v7e-m+fp/hard/libc_nano.a(libc_a-nano-vfprintf_float.o)
                0x0800a9e8                __cvt
 .text.__exponent
                0x0800aab2       0x74 /Applications/STM32CubeIDE.app/Contents/Eclipse/plugins/com.st.stm32cube.ide.mcu.externaltools.gnu-tools-for-stm32.12.3.rel1.macos64_1.1.0.202410301201/tools/bin/../lib/gcc/arm-none-eabi/12.3.1/../../../../arm-none-eabi/lib/thumb/v7e-m+fp/hard/libc_nano.a(libc_a-nano-vfprintf_float.o)
                0x0800aab2                __exponent
 *fill*         0x0800ab26        0x2 
 .text._printf_float
                0x0800ab28      0x454 /Applications/STM32CubeIDE.app/Contents/Eclipse/plugins/com.st.stm32cube.ide.mcu.externaltools.gnu-tools-for-stm32.12.3.rel1.macos64_1.1.0.202410301201/tools/bin/../lib/gcc/arm-none-eabi/12.3.1/../../../../arm-none-eabi/lib/thumb/v7e-m+fp/hard/libc_nano.a(libc_a-nano-vfprintf_float.o)
                0x0800ab28                _printf_float
 .text._printf_common
                0x0800af7c       0xda /Applications/STM32CubeIDE.app/Contents/Eclipse/plugins/com.st.stm32cube.ide.mcu.externaltools.gnu-tools-for-stm32.12.3.rel1.macos64_1.1.0.202410301201/tools/bin/../lib/gcc/arm-none-eabi/12.3.1/../../../../arm-none-eabi/lib/thumb/v7e-m+fp/hard/libc_nano.a(libc_a-nano-vfprintf_i.o)
                0x0800af7c                _printf_common
 *fill*         0x0800b056        0x2 
 .text._printf_i
                0x0800b058      0x240 /Applications/STM32CubeIDE.app/Contents/Eclipse/plugins/com.st.stm32cube.ide.mcu.externaltools.gnu-tools-for-stm32.12.3.rel1.macos64_1.1.0.202410301201/tools/bin/../lib/gcc/arm-none-eabi/12.3.1/../../../../arm-none-eabi/lib/thumb/v7e-m+fp/hard/libc_nano.a(libc_a-nano-vfprintf_i.o)
                0x0800b058                _printf_i
 .text.snprintf
                0x0800b298       0x68 /Applications/STM32CubeIDE.app/Contents/Eclipse/plugins/com.st.stm32cube.ide.mcu.externaltools.gnu-tools-for-stm32.12.3.rel1.macos64_1.1.0.202410301201/tools/bin/../lib/gcc/arm-none-eabi/12.3.1/../../../../arm-none-eabi/lib/thumb/v7e-m+fp/hard/libc_nano.a(libc_a-snprintf.o)
                0x0800b298                snprintf
                0x0800b298                sniprintf
 .text.sprintf  0x0800b300       0x40 /Applications/STM32CubeIDE.app/Contents/Eclipse/plugins/com.st.stm32cube.ide.mcu.externaltools.gnu-tools-for-stm32.12.3.rel1.macos64_1.1.0.202410301201/tools/bin/../lib/gcc/arm-none-eabi/12.3.1/../../../../arm-none-eabi/lib/thumb/v7e-m+fp/hard/libc_nano.a(libc_a-sprintf.o)
                0x0800b300                sprintf
                0x0800b300                siprintf
 .text.std      0x0800b340       0x6c /Applications/STM32CubeIDE.app/Contents/Eclipse/plugins/com.st.stm32cube.ide.mcu.externaltools.gnu-tools-for-stm32.12.3.rel1.macos64_1.1.0.202410301201/tools/bin/../lib/gcc/arm-none-eabi/12.3.1/../../../../arm-none-eabi/lib/thumb/v7e-m+fp/hard/libc_nano.a(libc_a-findfp.o)
 .text.stdio_exit_handler
                0x0800b3ac       0x18 /Applications/STM32CubeIDE.app/Contents/Eclipse/plugins/com.st.stm32cube.ide.mcu.externaltools.gnu-tools-for-stm32.12.3.rel1.macos64_1.1.0.202410301201/tools/bin/../lib/gcc/arm-none-eabi/12.3.1/../../../../arm-none-eabi/lib/thumb/v7e-m+fp/hard/libc_nano.a(libc_a-findfp.o)
 .text.cleanup_stdio
                0x0800b3c4       0x40 /Applications/STM32CubeIDE.app/Contents/Eclipse/plugins/com.st.stm32cube.ide.mcu.externaltools.gnu-tools-for-stm32.12.3.rel1.macos64_1.1.0.202410301201/tools/bin/../lib/gcc/arm-none-eabi/12.3.1/../../../../arm-none-eabi/lib/thumb/v7e-m+fp/hard/libc_nano.a(libc_a-findfp.o)
 .text.global_stdio_init.part.0
                0x0800b404       0x3c /Applications/STM32CubeIDE.app/Contents/Eclipse/plugins/com.st.stm32cube.ide.mcu.externaltools.gnu-tools-for-stm32.12.3.rel1.macos64_1.1.0.202410301201/tools/bin/../lib/gcc/arm-none-eabi/12.3.1/../../../../arm-none-eabi/lib/thumb/v7e-m+fp/hard/libc_nano.a(libc_a-findfp.o)
 .text.__sfp_lock_acquire
                0x0800b440        0xc /Applications/STM32CubeIDE.app/Contents/Eclipse/plugins/com.st.stm32cube.ide.mcu.externaltools.gnu-tools-for-stm32.12.3.rel1.macos64_1.1.0.202410301201/tools/bin/../lib/gcc/arm-none-eabi/12.3.1/../../../../arm-none-eabi/lib/thumb/v7e-m+fp/hard/libc_nano.a(libc_a-findfp.o)
                0x0800b440                __sfp_lock_acquire
 .text.__sfp_lock_release
                0x0800b44c        0xc /Applications/STM32CubeIDE.app/Contents/Eclipse/plugins/com.st.stm32cube.ide.mcu.externaltools.gnu-tools-for-stm32.12.3.rel1.macos64_1.1.0.202410301201/tools/bin/../lib/gcc/arm-none-eabi/12.3.1/../../../../arm-none-eabi/lib/thumb/v7e-m+fp/hard/libc_nano.a(libc_a-findfp.o)
                0x0800b44c                __sfp_lock_release
 .text.__sinit  0x0800b458       0x30 /Applications/STM32CubeIDE.app/Contents/Eclipse/plugins/com.st.stm32cube.ide.mcu.externaltools.gnu-tools-for-stm32.12.3.rel1.macos64_1.1.0.202410301201/tools/bin/../lib/gcc/arm-none-eabi/12.3.1/../../../../arm-none-eabi/lib/thumb/v7e-m+fp/hard/libc_nano.a(libc_a-findfp.o)
                0x0800b458                __sinit
 .text._fwalk_sglue
                0x0800b488       0x3c /Applications/STM32CubeIDE.app/Contents/Eclipse/plugins/com.st.stm32cube.ide.mcu.externaltools.gnu-tools-for-stm32.12.3.rel1.macos64_1.1.0.202410301201/tools/bin/../lib/gcc/arm-none-eabi/12.3.1/../../../../arm-none-eabi/lib/thumb/v7e-m+fp/hard/libc_nano.a(libc_a-fwalk.o)
                0x0800b488                _fwalk_sglue
 .text.printf   0x0800b4c4       0x24 /Applications/STM32CubeIDE.app/Contents/Eclipse/plugins/com.st.stm32cube.ide.mcu.externaltools.gnu-tools-for-stm32.12.3.rel1.macos64_1.1.0.202410301201/tools/bin/../lib/gcc/arm-none-eabi/12.3.1/../../../../arm-none-eabi/lib/thumb/v7e-m+fp/hard/libc_nano.a(libc_a-printf.o)
                0x0800b4c4                printf
                0x0800b4c4                iprintf
 .text._puts_r  0x0800b4e8       0xaa /Applications/STM32CubeIDE.app/Contents/Eclipse/plugins/com.st.stm32cube.ide.mcu.externaltools.gnu-tools-for-stm32.12.3.rel1.macos64_1.1.0.202410301201/tools/bin/../lib/gcc/arm-none-eabi/12.3.1/../../../../arm-none-eabi/lib/thumb/v7e-m+fp/hard/libc_nano.a(libc_a-puts.o)
                0x0800b4e8                _puts_r
 *fill*         0x0800b592        0x2 
 .text.puts     0x0800b594       0x10 /Applications/STM32CubeIDE.app/Contents/Eclipse/plugins/com.st.stm32cube.ide.mcu.externaltools.gnu-tools-for-stm32.12.3.rel1.macos64_1.1.0.202410301201/tools/bin/../lib/gcc/arm-none-eabi/12.3.1/../../../../arm-none-eabi/lib/thumb/v7e-m+fp/hard/libc_nano.a(libc_a-puts.o)
                0x0800b594                puts
 .text.strncpy  0x0800b5a4       0x26 /Applications/STM32CubeIDE.app/Contents/Eclipse/plugins/com.st.stm32cube.ide.mcu.externaltools.gnu-tools-for-stm32.12.3.rel1.macos64_1.1.0.202410301201/tools/bin/../lib/gcc/arm-none-eabi/12.3.1/../../../../arm-none-eabi/lib/thumb/v7e-m+fp/hard/libc_nano.a(libc_a-strncpy.o)
                0x0800b5a4                strncpy
 *fill*         0x0800b5ca        0x2 
 .text.strtok   0x0800b5cc       0x68 /Applications/STM32CubeIDE.app/Contents/Eclipse/plugins/com.st.stm32cube.ide.mcu.externaltools.gnu-tools-for-stm32.12.3.rel1.macos64_1.1.0.202410301201/tools/bin/../lib/gcc/arm-none-eabi/12.3.1/../../../../arm-none-eabi/lib/thumb/v7e-m+fp/hard/libc_nano.a(libc_a-strtok.o)
                0x0800b5cc                strtok
 .text.__strtok_r
                0x0800b634       0x50 /Applications/STM32CubeIDE.app/Contents/Eclipse/plugins/com.st.stm32cube.ide.mcu.externaltools.gnu-tools-for-stm32.12.3.rel1.macos64_1.1.0.202410301201/tools/bin/../lib/gcc/arm-none-eabi/12.3.1/../../../../arm-none-eabi/lib/thumb/v7e-m+fp/hard/libc_nano.a(libc_a-strtok_r.o)
                0x0800b634                __strtok_r
 .text.strstr   0x0800b684       0x2c /Applications/STM32CubeIDE.app/Contents/Eclipse/plugins/com.st.stm32cube.ide.mcu.externaltools.gnu-tools-for-stm32.12.3.rel1.macos64_1.1.0.202410301201/tools/bin/../lib/gcc/arm-none-eabi/12.3.1/../../../../arm-none-eabi/lib/thumb/v7e-m+fp/hard/libc_nano.a(libc_a-strstr.o)
                0x0800b684                strstr
 .text.memcmp   0x0800b6b0       0x20 /Applications/STM32CubeIDE.app/Contents/Eclipse/plugins/com.st.stm32cube.ide.mcu.externaltools.gnu-tools-for-stm32.12.3.rel1.macos64_1.1.0.202410301201/tools/bin/../lib/gcc/arm-none-eabi/12.3.1/../../../../arm-none-eabi/lib/thumb/v7e-m+fp/hard/libc_nano.a(libc_a-memcmp.o)
                0x0800b6b0                memcmp
 .text.memset   0x0800b6d0       0x10 /Applications/STM32CubeIDE.app/Contents/Eclipse/plugins/com.st.stm32cube.ide.mcu.externaltools.gnu-tools-for-stm32.12.3.rel1.macos64_1.1.0.202410301201/tools/bin/../lib/gcc/arm-none-eabi/12.3.1/../../../../arm-none-eabi/lib/thumb/v7e-m+fp/hard/libc_nano.a(libc_a-memset.o)
                0x0800b6d0                memset
 .text._localeconv_r
                0x0800b6e0        0x8 /Applications/STM32CubeIDE.app/Contents/Eclipse/plugins/com.st.stm32cube.ide.mcu.externaltools.gnu-tools-for-stm32.12.3.rel1.macos64_1.1.0.202410301201/tools/bin/../lib/gcc/arm-none-eabi/12.3.1/../../../../arm-none-eabi/lib/thumb/v7e-m+fp/hard/libc_nano.a(libc_a-localeconv.o)
                0x0800b6e0                _localeconv_r
 .text.__errno  0x0800b6e8        0xc /Applications/STM32CubeIDE.app/Contents/Eclipse/plugins/com.st.stm32cube.ide.mcu.externaltools.gnu-tools-for-stm32.12.3.rel1.macos64_1.1.0.202410301201/tools/bin/../lib/gcc/arm-none-eabi/12.3.1/../../../../arm-none-eabi/lib/thumb/v7e-m+fp/hard/libc_nano.a(libc_a-errno.o)
                0x0800b6e8                __errno
 .text.__libc_init_array
                0x0800b6f4       0x48 /Applications/STM32CubeIDE.app/Contents/Eclipse/plugins/com.st.stm32cube.ide.mcu.externaltools.gnu-tools-for-stm32.12.3.rel1.macos64_1.1.0.202410301201/tools/bin/../lib/gcc/arm-none-eabi/12.3.1/../../../../arm-none-eabi/lib/thumb/v7e-m+fp/hard/libc_nano.a(libc_a-init.o)
                0x0800b6f4                __libc_init_array
 .text.__retarget_lock_init_recursive
                0x0800b73c        0x2 /Applications/STM32CubeIDE.app/Contents/Eclipse/plugins/com.st.stm32cube.ide.mcu.externaltools.gnu-tools-for-stm32.12.3.rel1.macos64_1.1.0.202410301201/tools/bin/../lib/gcc/arm-none-eabi/12.3.1/../../../../arm-none-eabi/lib/thumb/v7e-m+fp/hard/libc_nano.a(libc_a-lock.o)
                0x0800b73c                __retarget_lock_init_recursive
 .text.__retarget_lock_acquire_recursive
                0x0800b73e        0x2 /Applications/STM32CubeIDE.app/Contents/Eclipse/plugins/com.st.stm32cube.ide.mcu.externaltools.gnu-tools-for-stm32.12.3.rel1.macos64_1.1.0.202410301201/tools/bin/../lib/gcc/arm-none-eabi/12.3.1/../../../../arm-none-eabi/lib/thumb/v7e-m+fp/hard/libc_nano.a(libc_a-lock.o)
                0x0800b73e                __retarget_lock_acquire_recursive
 .text.__retarget_lock_release_recursive
                0x0800b740        0x2 /Applications/STM32CubeIDE.app/Contents/Eclipse/plugins/com.st.stm32cube.ide.mcu.externaltools.gnu-tools-for-stm32.12.3.rel1.macos64_1.1.0.202410301201/tools/bin/../lib/gcc/arm-none-eabi/12.3.1/../../../../arm-none-eabi/lib/thumb/v7e-m+fp/hard/libc_nano.a(libc_a-lock.o)
                0x0800b740                __retarget_lock_release_recursive
 .text.memcpy   0x0800b742       0x1c /Applications/STM32CubeIDE.app/Contents/Eclipse/plugins/com.st.stm32cube.ide.mcu.externaltools.gnu-tools-for-stm32.12.3.rel1.macos64_1.1.0.202410301201/tools/bin/../lib/gcc/arm-none-eabi/12.3.1/../../../../arm-none-eabi/lib/thumb/v7e-m+fp/hard/libc_nano.a(libc_a-memcpy-stub.o)
                0x0800b742                memcpy
 *fill*         0x0800b75e        0x2 
 .text.__assert_func
                0x0800b760       0x3c /Applications/STM32CubeIDE.app/Contents/Eclipse/plugins/com.st.stm32cube.ide.mcu.externaltools.gnu-tools-for-stm32.12.3.rel1.macos64_1.1.0.202410301201/tools/bin/../lib/gcc/arm-none-eabi/12.3.1/../../../../arm-none-eabi/lib/thumb/v7e-m+fp/hard/libc_nano.a(libc_a-assert.o)
                0x0800b760                __assert_func
 .text.quorem   0x0800b79c      0x110 /Applications/STM32CubeIDE.app/Contents/Eclipse/plugins/com.st.stm32cube.ide.mcu.externaltools.gnu-tools-for-stm32.12.3.rel1.macos64_1.1.0.202410301201/tools/bin/../lib/gcc/arm-none-eabi/12.3.1/../../../../arm-none-eabi/lib/thumb/v7e-m+fp/hard/libc_nano.a(libc_a-dtoa.o)
 *fill*         0x0800b8ac        0x4 
 .text._dtoa_r  0x0800b8b0      0xb88 /Applications/STM32CubeIDE.app/Contents/Eclipse/plugins/com.st.stm32cube.ide.mcu.externaltools.gnu-tools-for-stm32.12.3.rel1.macos64_1.1.0.202410301201/tools/bin/../lib/gcc/arm-none-eabi/12.3.1/../../../../arm-none-eabi/lib/thumb/v7e-m+fp/hard/libc_nano.a(libc_a-dtoa.o)
                0x0800b8b0                _dtoa_r
 .text.__ssputs_r
                0x0800c438       0xb6 /Applications/STM32CubeIDE.app/Contents/Eclipse/plugins/com.st.stm32cube.ide.mcu.externaltools.gnu-tools-for-stm32.12.3.rel1.macos64_1.1.0.202410301201/tools/bin/../lib/gcc/arm-none-eabi/12.3.1/../../../../arm-none-eabi/lib/thumb/v7e-m+fp/hard/libc_nano.a(libc_a-nano-svfprintf.o)
                0x0800c438                __ssputs_r
 *fill*         0x0800c4ee        0x2 
 .text._svfprintf_r
                0x0800c4f0      0x1f8 /Applications/STM32CubeIDE.app/Contents/Eclipse/plugins/com.st.stm32cube.ide.mcu.externaltools.gnu-tools-for-stm32.12.3.rel1.macos64_1.1.0.202410301201/tools/bin/../lib/gcc/arm-none-eabi/12.3.1/../../../../arm-none-eabi/lib/thumb/v7e-m+fp/hard/libc_nano.a(libc_a-nano-svfprintf.o)
                0x0800c4f0                _svfprintf_r
                0x0800c4f0                _svfiprintf_r
 .text.__sfputc_r
                0x0800c6e8       0x2e /Applications/STM32CubeIDE.app/Contents/Eclipse/plugins/com.st.stm32cube.ide.mcu.externaltools.gnu-tools-for-stm32.12.3.rel1.macos64_1.1.0.202410301201/tools/bin/../lib/gcc/arm-none-eabi/12.3.1/../../../../arm-none-eabi/lib/thumb/v7e-m+fp/hard/libc_nano.a(libc_a-nano-vfprintf.o)
 .text.__sfputs_r
                0x0800c716       0x24 /Applications/STM32CubeIDE.app/Contents/Eclipse/plugins/com.st.stm32cube.ide.mcu.externaltools.gnu-tools-for-stm32.12.3.rel1.macos64_1.1.0.202410301201/tools/bin/../lib/gcc/arm-none-eabi/12.3.1/../../../../arm-none-eabi/lib/thumb/v7e-m+fp/hard/libc_nano.a(libc_a-nano-vfprintf.o)
                0x0800c716                __sfputs_r
 *fill*         0x0800c73a        0x2 
 .text._vfprintf_r
                0x0800c73c      0x230 /Applications/STM32CubeIDE.app/Contents/Eclipse/plugins/com.st.stm32cube.ide.mcu.externaltools.gnu-tools-for-stm32.12.3.rel1.macos64_1.1.0.202410301201/tools/bin/../lib/gcc/arm-none-eabi/12.3.1/../../../../arm-none-eabi/lib/thumb/v7e-m+fp/hard/libc_nano.a(libc_a-nano-vfprintf.o)
                0x0800c73c                _vfiprintf_r
                0x0800c73c                _vfprintf_r
 .text.malloc   0x0800c96c       0x10 /Applications/STM32CubeIDE.app/Contents/Eclipse/plugins/com.st.stm32cube.ide.mcu.externaltools.gnu-tools-for-stm32.12.3.rel1.macos64_1.1.0.202410301201/tools/bin/../lib/gcc/arm-none-eabi/12.3.1/../../../../arm-none-eabi/lib/thumb/v7e-m+fp/hard/libc_nano.a(libc_a-malloc.o)
                0x0800c96c                malloc
 .text.sbrk_aligned
                0x0800c97c       0x44 /Applications/STM32CubeIDE.app/Contents/Eclipse/plugins/com.st.stm32cube.ide.mcu.externaltools.gnu-tools-for-stm32.12.3.rel1.macos64_1.1.0.202410301201/tools/bin/../lib/gcc/arm-none-eabi/12.3.1/../../../../arm-none-eabi/lib/thumb/v7e-m+fp/hard/libc_nano.a(libc_a-mallocr.o)
 .text._malloc_r
                0x0800c9c0      0x100 /Applications/STM32CubeIDE.app/Contents/Eclipse/plugins/com.st.stm32cube.ide.mcu.externaltools.gnu-tools-for-stm32.12.3.rel1.macos64_1.1.0.202410301201/tools/bin/../lib/gcc/arm-none-eabi/12.3.1/../../../../arm-none-eabi/lib/thumb/v7e-m+fp/hard/libc_nano.a(libc_a-mallocr.o)
                0x0800c9c0                _malloc_r
 .text.__sflush_r
                0x0800cac0      0x108 /Applications/STM32CubeIDE.app/Contents/Eclipse/plugins/com.st.stm32cube.ide.mcu.externaltools.gnu-tools-for-stm32.12.3.rel1.macos64_1.1.0.202410301201/tools/bin/../lib/gcc/arm-none-eabi/12.3.1/../../../../arm-none-eabi/lib/thumb/v7e-m+fp/hard/libc_nano.a(libc_a-fflush.o)
                0x0800cac0                __sflush_r
 .text._fflush_r
                0x0800cbc8       0x50 /Applications/STM32CubeIDE.app/Contents/Eclipse/plugins/com.st.stm32cube.ide.mcu.externaltools.gnu-tools-for-stm32.12.3.rel1.macos64_1.1.0.202410301201/tools/bin/../lib/gcc/arm-none-eabi/12.3.1/../../../../arm-none-eabi/lib/thumb/v7e-m+fp/hard/libc_nano.a(libc_a-fflush.o)
                0x0800cbc8                _fflush_r
 .text.__malloc_lock
                0x0800cc18        0xc /Applications/STM32CubeIDE.app/Contents/Eclipse/plugins/com.st.stm32cube.ide.mcu.externaltools.gnu-tools-for-stm32.12.3.rel1.macos64_1.1.0.202410301201/tools/bin/../lib/gcc/arm-none-eabi/12.3.1/../../../../arm-none-eabi/lib/thumb/v7e-m+fp/hard/libc_nano.a(libc_a-mlock.o)
                0x0800cc18                __malloc_lock
 .text.__malloc_unlock
                0x0800cc24        0xc /Applications/STM32CubeIDE.app/Contents/Eclipse/plugins/com.st.stm32cube.ide.mcu.externaltools.gnu-tools-for-stm32.12.3.rel1.macos64_1.1.0.202410301201/tools/bin/../lib/gcc/arm-none-eabi/12.3.1/../../../../arm-none-eabi/lib/thumb/v7e-m+fp/hard/libc_nano.a(libc_a-mlock.o)
                0x0800cc24                __malloc_unlock
 .text._Balloc  0x0800cc30       0x80 /Applications/STM32CubeIDE.app/Contents/Eclipse/plugins/com.st.stm32cube.ide.mcu.externaltools.gnu-tools-for-stm32.12.3.rel1.macos64_1.1.0.202410301201/tools/bin/../lib/gcc/arm-none-eabi/12.3.1/../../../../arm-none-eabi/lib/thumb/v7e-m+fp/hard/libc_nano.a(libc_a-mprec.o)
                0x0800cc30                _Balloc
 .text._Bfree   0x0800ccb0       0x44 /Applications/STM32CubeIDE.app/Contents/Eclipse/plugins/com.st.stm32cube.ide.mcu.externaltools.gnu-tools-for-stm32.12.3.rel1.macos64_1.1.0.202410301201/tools/bin/../lib/gcc/arm-none-eabi/12.3.1/../../../../arm-none-eabi/lib/thumb/v7e-m+fp/hard/libc_nano.a(libc_a-mprec.o)
                0x0800ccb0                _Bfree
 .text.__multadd
                0x0800ccf4       0x8c /Applications/STM32CubeIDE.app/Contents/Eclipse/plugins/com.st.stm32cube.ide.mcu.externaltools.gnu-tools-for-stm32.12.3.rel1.macos64_1.1.0.202410301201/tools/bin/../lib/gcc/arm-none-eabi/12.3.1/../../../../arm-none-eabi/lib/thumb/v7e-m+fp/hard/libc_nano.a(libc_a-mprec.o)
                0x0800ccf4                __multadd
 .text.__hi0bits
                0x0800cd80       0x3e /Applications/STM32CubeIDE.app/Contents/Eclipse/plugins/com.st.stm32cube.ide.mcu.externaltools.gnu-tools-for-stm32.12.3.rel1.macos64_1.1.0.202410301201/tools/bin/../lib/gcc/arm-none-eabi/12.3.1/../../../../arm-none-eabi/lib/thumb/v7e-m+fp/hard/libc_nano.a(libc_a-mprec.o)
                0x0800cd80                __hi0bits
 .text.__lo0bits
                0x0800cdbe       0x5a /Applications/STM32CubeIDE.app/Contents/Eclipse/plugins/com.st.stm32cube.ide.mcu.externaltools.gnu-tools-for-stm32.12.3.rel1.macos64_1.1.0.202410301201/tools/bin/../lib/gcc/arm-none-eabi/12.3.1/../../../../arm-none-eabi/lib/thumb/v7e-m+fp/hard/libc_nano.a(libc_a-mprec.o)
                0x0800cdbe                __lo0bits
 .text.__i2b    0x0800ce18       0x2c /Applications/STM32CubeIDE.app/Contents/Eclipse/plugins/com.st.stm32cube.ide.mcu.externaltools.gnu-tools-for-stm32.12.3.rel1.macos64_1.1.0.202410301201/tools/bin/../lib/gcc/arm-none-eabi/12.3.1/../../../../arm-none-eabi/lib/thumb/v7e-m+fp/hard/libc_nano.a(libc_a-mprec.o)
                0x0800ce18                __i2b
 .text.__multiply
                0x0800ce44      0x154 /Applications/STM32CubeIDE.app/Contents/Eclipse/plugins/com.st.stm32cube.ide.mcu.externaltools.gnu-tools-for-stm32.12.3.rel1.macos64_1.1.0.202410301201/tools/bin/../lib/gcc/arm-none-eabi/12.3.1/../../../../arm-none-eabi/lib/thumb/v7e-m+fp/hard/libc_nano.a(libc_a-mprec.o)
                0x0800ce44                __multiply
 .text.__pow5mult
                0x0800cf98       0xb4 /Applications/STM32CubeIDE.app/Contents/Eclipse/plugins/com.st.stm32cube.ide.mcu.externaltools.gnu-tools-for-stm32.12.3.rel1.macos64_1.1.0.202410301201/tools/bin/../lib/gcc/arm-none-eabi/12.3.1/../../../../arm-none-eabi/lib/thumb/v7e-m+fp/hard/libc_nano.a(libc_a-mprec.o)
                0x0800cf98                __pow5mult
 .text.__lshift
                0x0800d04c       0xd8 /Applications/STM32CubeIDE.app/Contents/Eclipse/plugins/com.st.stm32cube.ide.mcu.externaltools.gnu-tools-for-stm32.12.3.rel1.macos64_1.1.0.202410301201/tools/bin/../lib/gcc/arm-none-eabi/12.3.1/../../../../arm-none-eabi/lib/thumb/v7e-m+fp/hard/libc_nano.a(libc_a-mprec.o)
                0x0800d04c                __lshift
 .text.__mcmp   0x0800d124       0x36 /Applications/STM32CubeIDE.app/Contents/Eclipse/plugins/com.st.stm32cube.ide.mcu.externaltools.gnu-tools-for-stm32.12.3.rel1.macos64_1.1.0.202410301201/tools/bin/../lib/gcc/arm-none-eabi/12.3.1/../../../../arm-none-eabi/lib/thumb/v7e-m+fp/hard/libc_nano.a(libc_a-mprec.o)
                0x0800d124                __mcmp
 *fill*         0x0800d15a        0x2 
 .text.__mdiff  0x0800d15c      0x128 /Applications/STM32CubeIDE.app/Contents/Eclipse/plugins/com.st.stm32cube.ide.mcu.externaltools.gnu-tools-for-stm32.12.3.rel1.macos64_1.1.0.202410301201/tools/bin/../lib/gcc/arm-none-eabi/12.3.1/../../../../arm-none-eabi/lib/thumb/v7e-m+fp/hard/libc_nano.a(libc_a-mprec.o)
                0x0800d15c                __mdiff
 .text.__d2b    0x0800d284       0xb0 /Applications/STM32CubeIDE.app/Contents/Eclipse/plugins/com.st.stm32cube.ide.mcu.externaltools.gnu-tools-for-stm32.12.3.rel1.macos64_1.1.0.202410301201/tools/bin/../lib/gcc/arm-none-eabi/12.3.1/../../../../arm-none-eabi/lib/thumb/v7e-m+fp/hard/libc_nano.a(libc_a-mprec.o)
                0x0800d284                __d2b
 .text.__sread  0x0800d334       0x22 /Applications/STM32CubeIDE.app/Contents/Eclipse/plugins/com.st.stm32cube.ide.mcu.externaltools.gnu-tools-for-stm32.12.3.rel1.macos64_1.1.0.202410301201/tools/bin/../lib/gcc/arm-none-eabi/12.3.1/../../../../arm-none-eabi/lib/thumb/v7e-m+fp/hard/libc_nano.a(libc_a-stdio.o)
                0x0800d334                __sread
 .text.__swrite
                0x0800d356       0x38 /Applications/STM32CubeIDE.app/Contents/Eclipse/plugins/com.st.stm32cube.ide.mcu.externaltools.gnu-tools-for-stm32.12.3.rel1.macos64_1.1.0.202410301201/tools/bin/../lib/gcc/arm-none-eabi/12.3.1/../../../../arm-none-eabi/lib/thumb/v7e-m+fp/hard/libc_nano.a(libc_a-stdio.o)
                0x0800d356                __swrite
 .text.__sseek  0x0800d38e       0x24 /Applications/STM32CubeIDE.app/Contents/Eclipse/plugins/com.st.stm32cube.ide.mcu.externaltools.gnu-tools-for-stm32.12.3.rel1.macos64_1.1.0.202410301201/tools/bin/../lib/gcc/arm-none-eabi/12.3.1/../../../../arm-none-eabi/lib/thumb/v7e-m+fp/hard/libc_nano.a(libc_a-stdio.o)
                0x0800d38e                __sseek
 .text.__sclose
                0x0800d3b2        0x8 /Applications/STM32CubeIDE.app/Contents/Eclipse/plugins/com.st.stm32cube.ide.mcu.externaltools.gnu-tools-for-stm32.12.3.rel1.macos64_1.1.0.202410301201/tools/bin/../lib/gcc/arm-none-eabi/12.3.1/../../../../arm-none-eabi/lib/thumb/v7e-m+fp/hard/libc_nano.a(libc_a-stdio.o)
                0x0800d3b2                __sclose
 *fill*         0x0800d3ba        0x2 
 .text.fprintf  0x0800d3bc       0x24 /Applications/STM32CubeIDE.app/Contents/Eclipse/plugins/com.st.stm32cube.ide.mcu.externaltools.gnu-tools-for-stm32.12.3.rel1.macos64_1.1.0.202410301201/tools/bin/../lib/gcc/arm-none-eabi/12.3.1/../../../../arm-none-eabi/lib/thumb/v7e-m+fp/hard/libc_nano.a(libc_a-fprintf.o)
                0x0800d3bc                fprintf
                0x0800d3bc                fiprintf
 .text._realloc_r
                0x0800d3e0       0x5c /Applications/STM32CubeIDE.app/Contents/Eclipse/plugins/com.st.stm32cube.ide.mcu.externaltools.gnu-tools-for-stm32.12.3.rel1.macos64_1.1.0.202410301201/tools/bin/../lib/gcc/arm-none-eabi/12.3.1/../../../../arm-none-eabi/lib/thumb/v7e-m+fp/hard/libc_nano.a(libc_a-reallocr.o)
                0x0800d3e0                _realloc_r
 .text.__swbuf_r
                0x0800d43c       0x7c /Applications/STM32CubeIDE.app/Contents/Eclipse/plugins/com.st.stm32cube.ide.mcu.externaltools.gnu-tools-for-stm32.12.3.rel1.macos64_1.1.0.202410301201/tools/bin/../lib/gcc/arm-none-eabi/12.3.1/../../../../arm-none-eabi/lib/thumb/v7e-m+fp/hard/libc_nano.a(libc_a-wbuf.o)
                0x0800d43c                __swbuf_r
 .text.__swsetup_r
                0x0800d4b8       0xac /Applications/STM32CubeIDE.app/Contents/Eclipse/plugins/com.st.stm32cube.ide.mcu.externaltools.gnu-tools-for-stm32.12.3.rel1.macos64_1.1.0.202410301201/tools/bin/../lib/gcc/arm-none-eabi/12.3.1/../../../../arm-none-eabi/lib/thumb/v7e-m+fp/hard/libc_nano.a(libc_a-wsetup.o)
                0x0800d4b8                __swsetup_r
 .text.__swhatbuf_r
                0x0800d564       0x4c /Applications/STM32CubeIDE.app/Contents/Eclipse/plugins/com.st.stm32cube.ide.mcu.externaltools.gnu-tools-for-stm32.12.3.rel1.macos64_1.1.0.202410301201/tools/bin/../lib/gcc/arm-none-eabi/12.3.1/../../../../arm-none-eabi/lib/thumb/v7e-m+fp/hard/libc_nano.a(libc_a-makebuf.o)
                0x0800d564                __swhatbuf_r
 .text.__smakebuf_r
                0x0800d5b0       0x78 /Applications/STM32CubeIDE.app/Contents/Eclipse/plugins/com.st.stm32cube.ide.mcu.externaltools.gnu-tools-for-stm32.12.3.rel1.macos64_1.1.0.202410301201/tools/bin/../lib/gcc/arm-none-eabi/12.3.1/../../../../arm-none-eabi/lib/thumb/v7e-m+fp/hard/libc_nano.a(libc_a-makebuf.o)
                0x0800d5b0                __smakebuf_r
 .text.memmove  0x0800d628       0x34 /Applications/STM32CubeIDE.app/Contents/Eclipse/plugins/com.st.stm32cube.ide.mcu.externaltools.gnu-tools-for-stm32.12.3.rel1.macos64_1.1.0.202410301201/tools/bin/../lib/gcc/arm-none-eabi/12.3.1/../../../../arm-none-eabi/lib/thumb/v7e-m+fp/hard/libc_nano.a(libc_a-memmove.o)
                0x0800d628                memmove
 .text._close_r
                0x0800d65c       0x20 /Applications/STM32CubeIDE.app/Contents/Eclipse/plugins/com.st.stm32cube.ide.mcu.externaltools.gnu-tools-for-stm32.12.3.rel1.macos64_1.1.0.202410301201/tools/bin/../lib/gcc/arm-none-eabi/12.3.1/../../../../arm-none-eabi/lib/thumb/v7e-m+fp/hard/libc_nano.a(libc_a-closer.o)
                0x0800d65c                _close_r
 .text._fstat_r
                0x0800d67c       0x24 /Applications/STM32CubeIDE.app/Contents/Eclipse/plugins/com.st.stm32cube.ide.mcu.externaltools.gnu-tools-for-stm32.12.3.rel1.macos64_1.1.0.202410301201/tools/bin/../lib/gcc/arm-none-eabi/12.3.1/../../../../arm-none-eabi/lib/thumb/v7e-m+fp/hard/libc_nano.a(libc_a-fstatr.o)
                0x0800d67c                _fstat_r
 .text._isatty_r
                0x0800d6a0       0x20 /Applications/STM32CubeIDE.app/Contents/Eclipse/plugins/com.st.stm32cube.ide.mcu.externaltools.gnu-tools-for-stm32.12.3.rel1.macos64_1.1.0.202410301201/tools/bin/../lib/gcc/arm-none-eabi/12.3.1/../../../../arm-none-eabi/lib/thumb/v7e-m+fp/hard/libc_nano.a(libc_a-isattyr.o)
                0x0800d6a0                _isatty_r
 .text._lseek_r
                0x0800d6c0       0x24 /Applications/STM32CubeIDE.app/Contents/Eclipse/plugins/com.st.stm32cube.ide.mcu.externaltools.gnu-tools-for-stm32.12.3.rel1.macos64_1.1.0.202410301201/tools/bin/../lib/gcc/arm-none-eabi/12.3.1/../../../../arm-none-eabi/lib/thumb/v7e-m+fp/hard/libc_nano.a(libc_a-lseekr.o)
                0x0800d6c0                _lseek_r
 .text._read_r  0x0800d6e4       0x24 /Applications/STM32CubeIDE.app/Contents/Eclipse/plugins/com.st.stm32cube.ide.mcu.externaltools.gnu-tools-for-stm32.12.3.rel1.macos64_1.1.0.202410301201/tools/bin/../lib/gcc/arm-none-eabi/12.3.1/../../../../arm-none-eabi/lib/thumb/v7e-m+fp/hard/libc_nano.a(libc_a-readr.o)
                0x0800d6e4                _read_r
 .text._sbrk_r  0x0800d708       0x20 /Applications/STM32CubeIDE.app/Contents/Eclipse/plugins/com.st.stm32cube.ide.mcu.externaltools.gnu-tools-for-stm32.12.3.rel1.macos64_1.1.0.202410301201/tools/bin/../lib/gcc/arm-none-eabi/12.3.1/../../../../arm-none-eabi/lib/thumb/v7e-m+fp/hard/libc_nano.a(libc_a-sbrkr.o)
                0x0800d708                _sbrk_r
 .text._write_r
                0x0800d728       0x24 /Applications/STM32CubeIDE.app/Contents/Eclipse/plugins/com.st.stm32cube.ide.mcu.externaltools.gnu-tools-for-stm32.12.3.rel1.macos64_1.1.0.202410301201/tools/bin/../lib/gcc/arm-none-eabi/12.3.1/../../../../arm-none-eabi/lib/thumb/v7e-m+fp/hard/libc_nano.a(libc_a-writer.o)
                0x0800d728                _write_r
 .text.abort    0x0800d74c        0xe /Applications/STM32CubeIDE.app/Contents/Eclipse/plugins/com.st.stm32cube.ide.mcu.externaltools.gnu-tools-for-stm32.12.3.rel1.macos64_1.1.0.202410301201/tools/bin/../lib/gcc/arm-none-eabi/12.3.1/../../../../arm-none-eabi/lib/thumb/v7e-m+fp/hard/libc_nano.a(libc_a-abort.o)
                0x0800d74c                abort
 .text._calloc_r
                0x0800d75a       0x28 /Applications/STM32CubeIDE.app/Contents/Eclipse/plugins/com.st.stm32cube.ide.mcu.externaltools.gnu-tools-for-stm32.12.3.rel1.macos64_1.1.0.202410301201/tools/bin/../lib/gcc/arm-none-eabi/12.3.1/../../../../arm-none-eabi/lib/thumb/v7e-m+fp/hard/libc_nano.a(libc_a-callocr.o)
                0x0800d75a                _calloc_r
 *fill*         0x0800d782        0x2 
 .text._free_r  0x0800d784       0x94 /Applications/STM32CubeIDE.app/Contents/Eclipse/plugins/com.st.stm32cube.ide.mcu.externaltools.gnu-tools-for-stm32.12.3.rel1.macos64_1.1.0.202410301201/tools/bin/../lib/gcc/arm-none-eabi/12.3.1/../../../../arm-none-eabi/lib/thumb/v7e-m+fp/hard/libc_nano.a(libc_a-freer.o)
                0x0800d784                _free_r
 .text.__ascii_mbtowc
                0x0800d818       0x24 /Applications/STM32CubeIDE.app/Contents/Eclipse/plugins/com.st.stm32cube.ide.mcu.externaltools.gnu-tools-for-stm32.12.3.rel1.macos64_1.1.0.202410301201/tools/bin/../lib/gcc/arm-none-eabi/12.3.1/../../../../arm-none-eabi/lib/thumb/v7e-m+fp/hard/libc_nano.a(libc_a-mbtowc_r.o)
                0x0800d818                __ascii_mbtowc
 .text._malloc_usable_size_r
                0x0800d83c       0x10 /Applications/STM32CubeIDE.app/Contents/Eclipse/plugins/com.st.stm32cube.ide.mcu.externaltools.gnu-tools-for-stm32.12.3.rel1.macos64_1.1.0.202410301201/tools/bin/../lib/gcc/arm-none-eabi/12.3.1/../../../../arm-none-eabi/lib/thumb/v7e-m+fp/hard/libc_nano.a(libc_a-msizer.o)
                0x0800d83c                _malloc_usable_size_r
 .text.__ascii_wctomb
                0x0800d84c       0x1a /Applications/STM32CubeIDE.app/Contents/Eclipse/plugins/com.st.stm32cube.ide.mcu.externaltools.gnu-tools-for-stm32.12.3.rel1.macos64_1.1.0.202410301201/tools/bin/../lib/gcc/arm-none-eabi/12.3.1/../../../../arm-none-eabi/lib/thumb/v7e-m+fp/hard/libc_nano.a(libc_a-wctomb_r.o)
                0x0800d84c                __ascii_wctomb
 .text._raise_r
                0x0800d866       0x50 /Applications/STM32CubeIDE.app/Contents/Eclipse/plugins/com.st.stm32cube.ide.mcu.externaltools.gnu-tools-for-stm32.12.3.rel1.macos64_1.1.0.202410301201/tools/bin/../lib/gcc/arm-none-eabi/12.3.1/../../../../arm-none-eabi/lib/thumb/v7e-m+fp/hard/libc_nano.a(libc_a-signal.o)
                0x0800d866                _raise_r
 *fill*         0x0800d8b6        0x2 
 .text.raise    0x0800d8b8       0x10 /Applications/STM32CubeIDE.app/Contents/Eclipse/plugins/com.st.stm32cube.ide.mcu.externaltools.gnu-tools-for-stm32.12.3.rel1.macos64_1.1.0.202410301201/tools/bin/../lib/gcc/arm-none-eabi/12.3.1/../../../../arm-none-eabi/lib/thumb/v7e-m+fp/hard/libc_nano.a(libc_a-signal.o)
                0x0800d8b8                raise
 .text._kill_r  0x0800d8c8       0x24 /Applications/STM32CubeIDE.app/Contents/Eclipse/plugins/com.st.stm32cube.ide.mcu.externaltools.gnu-tools-for-stm32.12.3.rel1.macos64_1.1.0.202410301201/tools/bin/../lib/gcc/arm-none-eabi/12.3.1/../../../../arm-none-eabi/lib/thumb/v7e-m+fp/hard/libc_nano.a(libc_a-signalr.o)
                0x0800d8c8                _kill_r
 .text._getpid_r
                0x0800d8ec        0x4 /Applications/STM32CubeIDE.app/Contents/Eclipse/plugins/com.st.stm32cube.ide.mcu.externaltools.gnu-tools-for-stm32.12.3.rel1.macos64_1.1.0.202410301201/tools/bin/../lib/gcc/arm-none-eabi/12.3.1/../../../../arm-none-eabi/lib/thumb/v7e-m+fp/hard/libc_nano.a(libc_a-signalr.o)
                0x0800d8ec                _getpid_r
 *(.glue_7)
 .glue_7        0x0800d8f0        0x0 linker stubs
 *(.glue_7t)
 .glue_7t       0x0800d8f0        0x0 linker stubs
 *(.eh_frame)
 .eh_frame      0x0800d8f0        0x0 /Applications/STM32CubeIDE.app/Contents/Eclipse/plugins/com.st.stm32cube.ide.mcu.externaltools.gnu-tools-for-stm32.12.3.rel1.macos64_1.1.0.202410301201/tools/bin/../lib/gcc/arm-none-eabi/12.3.1/thumb/v7e-m+fp/hard/crtbegin.o
 *(.init)
 .init          0x0800d8f0        0x4 /Applications/STM32CubeIDE.app/Contents/Eclipse/plugins/com.st.stm32cube.ide.mcu.externaltools.gnu-tools-for-stm32.12.3.rel1.macos64_1.1.0.202410301201/tools/bin/../lib/gcc/arm-none-eabi/12.3.1/thumb/v7e-m+fp/hard/crti.o
                0x0800d8f0                _init
 .init          0x0800d8f4        0x8 /Applications/STM32CubeIDE.app/Contents/Eclipse/plugins/com.st.stm32cube.ide.mcu.externaltools.gnu-tools-for-stm32.12.3.rel1.macos64_1.1.0.202410301201/tools/bin/../lib/gcc/arm-none-eabi/12.3.1/thumb/v7e-m+fp/hard/crtn.o
 *(.fini)
 .fini          0x0800d8fc        0x4 /Applications/STM32CubeIDE.app/Contents/Eclipse/plugins/com.st.stm32cube.ide.mcu.externaltools.gnu-tools-for-stm32.12.3.rel1.macos64_1.1.0.202410301201/tools/bin/../lib/gcc/arm-none-eabi/12.3.1/thumb/v7e-m+fp/hard/crti.o
                0x0800d8fc                _fini
 .fini          0x0800d900        0x8 /Applications/STM32CubeIDE.app/Contents/Eclipse/plugins/com.st.stm32cube.ide.mcu.externaltools.gnu-tools-for-stm32.12.3.rel1.macos64_1.1.0.202410301201/tools/bin/../lib/gcc/arm-none-eabi/12.3.1/thumb/v7e-m+fp/hard/crtn.o
                0x0800d908                        . = ALIGN (0x4)
                0x0800d908                        _etext = .

.vfp11_veneer   0x0800d908        0x0
 .vfp11_veneer  0x0800d908        0x0 linker stubs

.v4_bx          0x0800d908        0x0
 .v4_bx         0x0800d908        0x0 linker stubs

.iplt           0x0800d908        0x0
 .iplt          0x0800d908        0x0 /Applications/STM32CubeIDE.app/Contents/Eclipse/plugins/com.st.stm32cube.ide.mcu.externaltools.gnu-tools-for-stm32.12.3.rel1.macos64_1.1.0.202410301201/tools/bin/../lib/gcc/arm-none-eabi/12.3.1/thumb/v7e-m+fp/hard/crtbegin.o

.rodata         0x0800d908      0xb44
                0x0800d908                        . = ALIGN (0x4)
 *(.rodata)
 .rodata        0x0800d908      0x389 ./Core/Src/healthmonitor.o
 *fill*         0x0800dc91        0x3 
 .rodata        0x0800dc94      0x2a6 ./Drivers/es_wifi.o
 *fill*         0x0800df3a        0x2 
 .rodata        0x0800df3c       0x39 ./Drivers/max30105.o
 *(.rodata*)
 *fill*         0x0800df75        0x3 
 .rodata.RemoteIP
                0x0800df78        0x4 ./Core/Src/healthmonitor.o
                0x0800df78                RemoteIP
 .rodata.AHBPrescTable
                0x0800df7c       0x10 ./Core/Src/system_stm32l4xx.o
                0x0800df7c                AHBPrescTable
 .rodata.APBPrescTable
                0x0800df8c        0x8 ./Core/Src/system_stm32l4xx.o
                0x0800df8c                APBPrescTable
 .rodata.MSIRangeTable
                0x0800df94       0x30 ./Core/Src/system_stm32l4xx.o
                0x0800df94                MSIRangeTable
 .rodata.uch_spo2_table
                0x0800dfc4       0xb8 ./Drivers/max30105.o
                0x0800dfc4                uch_spo2_table
 .rodata._printf_float.str1.1
                0x0800e07c       0x12 /Applications/STM32CubeIDE.app/Contents/Eclipse/plugins/com.st.stm32cube.ide.mcu.externaltools.gnu-tools-for-stm32.12.3.rel1.macos64_1.1.0.202410301201/tools/bin/../lib/gcc/arm-none-eabi/12.3.1/../../../../arm-none-eabi/lib/thumb/v7e-m+fp/hard/libc_nano.a(libc_a-nano-vfprintf_float.o)
 .rodata._printf_i.str1.1
                0x0800e08e       0x22 /Applications/STM32CubeIDE.app/Contents/Eclipse/plugins/com.st.stm32cube.ide.mcu.externaltools.gnu-tools-for-stm32.12.3.rel1.macos64_1.1.0.202410301201/tools/bin/../lib/gcc/arm-none-eabi/12.3.1/../../../../arm-none-eabi/lib/thumb/v7e-m+fp/hard/libc_nano.a(libc_a-nano-vfprintf_i.o)
 .rodata.strtok.str1.1
                0x0800e0b0       0x71 /Applications/STM32CubeIDE.app/Contents/Eclipse/plugins/com.st.stm32cube.ide.mcu.externaltools.gnu-tools-for-stm32.12.3.rel1.macos64_1.1.0.202410301201/tools/bin/../lib/gcc/arm-none-eabi/12.3.1/../../../../arm-none-eabi/lib/thumb/v7e-m+fp/hard/libc_nano.a(libc_a-strtok.o)
 .rodata.__assert_func.str1.1
                0x0800e121       0x3c /Applications/STM32CubeIDE.app/Contents/Eclipse/plugins/com.st.stm32cube.ide.mcu.externaltools.gnu-tools-for-stm32.12.3.rel1.macos64_1.1.0.202410301201/tools/bin/../lib/gcc/arm-none-eabi/12.3.1/../../../../arm-none-eabi/lib/thumb/v7e-m+fp/hard/libc_nano.a(libc_a-assert.o)
                                 0x3d (size before relaxing)
 .rodata._dtoa_r.str1.1
                0x0800e15d       0x76 /Applications/STM32CubeIDE.app/Contents/Eclipse/plugins/com.st.stm32cube.ide.mcu.externaltools.gnu-tools-for-stm32.12.3.rel1.macos64_1.1.0.202410301201/tools/bin/../lib/gcc/arm-none-eabi/12.3.1/../../../../arm-none-eabi/lib/thumb/v7e-m+fp/hard/libc_nano.a(libc_a-dtoa.o)
                                 0x8f (size before relaxing)
 .rodata._svfprintf_r.str1.1
                0x0800e1d3       0x11 /Applications/STM32CubeIDE.app/Contents/Eclipse/plugins/com.st.stm32cube.ide.mcu.externaltools.gnu-tools-for-stm32.12.3.rel1.macos64_1.1.0.202410301201/tools/bin/../lib/gcc/arm-none-eabi/12.3.1/../../../../arm-none-eabi/lib/thumb/v7e-m+fp/hard/libc_nano.a(libc_a-nano-svfprintf.o)
 .rodata._vfprintf_r.str1.1
                0x0800e1e4       0x11 /Applications/STM32CubeIDE.app/Contents/Eclipse/plugins/com.st.stm32cube.ide.mcu.externaltools.gnu-tools-for-stm32.12.3.rel1.macos64_1.1.0.202410301201/tools/bin/../lib/gcc/arm-none-eabi/12.3.1/../../../../arm-none-eabi/lib/thumb/v7e-m+fp/hard/libc_nano.a(libc_a-nano-vfprintf.o)
 .rodata._Balloc.str1.1
                0x0800e1e4       0x59 /Applications/STM32CubeIDE.app/Contents/Eclipse/plugins/com.st.stm32cube.ide.mcu.externaltools.gnu-tools-for-stm32.12.3.rel1.macos64_1.1.0.202410301201/tools/bin/../lib/gcc/arm-none-eabi/12.3.1/../../../../arm-none-eabi/lib/thumb/v7e-m+fp/hard/libc_nano.a(libc_a-mprec.o)
                                 0x70 (size before relaxing)
 .rodata.__multadd.str1.1