../Drivers/es_wifi.c:106:17:Hex2Num	16	static
../Drivers/es_wifi.c:125:17:ParseHexNumber	24	static
../Drivers/es_wifi.c:149:16:ParseNumber	24	static
../Drivers/es_wifi.c:179:13:ParseMAC	24	static
../Drivers/es_wifi.c:199:14:ParseIP	24	static
../Drivers/es_wifi.c:218:31:ParseSecurity	16	static
../Drivers/es_wifi.c:235:13:AT_ParseInfo	24	static
../Drivers/es_wifi.c:285:13:AT_ParseAP	32	static
../Drivers/es_wifi.c:331:17:ArrayTo32bit	16	static
../Drivers/es_wifi.c:342:13:AT_ParseFWRev	24	static
../Drivers/es_wifi.c:375:13:AT_ParseSingleAP	24	static
../Drivers/es_wifi.c:473:13:AT_ParseSystemConfig	24	static
../Drivers/es_wifi.c:540:13:AT_ParseConnSettings	24	static
../Drivers/es_wifi.c:615:13:AT_ParseTransportSettings	24	static
../Drivers/es_wifi.c:682:13:AT_ParseIsConnected	16	static
../Drivers/es_wifi.c:693:13:AT_ParsePing	40	static
../Drivers/es_wifi.c:722:25:AT_ExecuteCommand	40	static
../Drivers/es_wifi.c:772:25:AT_RequestSendData	32	static
../Drivers/es_wifi.c:835:25:AT_RequestReceiveData	40	static
../Drivers/es_wifi.c:892:19:ES_WIFI_Init	24	static
../Drivers/es_wifi.c:919:19:ES_WIFI_GetProductID	16	static
../Drivers/es_wifi.c:931:19:ES_WIFI_GetFWRevID	16	static
../Drivers/es_wifi.c:943:19:ES_WIFI_GetProductName	16	static
../Drivers/es_wifi.c:955:19:ES_WIFI_GetAPIRev	16	static
../Drivers/es_wifi.c:967:19:ES_WIFI_GetStackRev	16	static
../Drivers/es_wifi.c:979:19:ES_WIFI_GetRTOSRev	16	static
../Drivers/es_wifi.c:991:19:ES_WIFI_RegisterBusIO	24	static
../Drivers/es_wifi.c:1017:19:ES_WIFI_SetTimeout	16	static
../Drivers/es_wifi.c:1029:19:ES_WIFI_ListAccessPoints	40	static
../Drivers/es_wifi.c:1111:18:ES_WIFI_Connect	32	static
../Drivers/es_wifi.c:1150:9:ES_WIFI_IsConnected	24	static
../Drivers/es_wifi.c:1169:18:ES_WIFI_Disconnect	24	static
../Drivers/es_wifi.c:1184:18:ES_WIFI_GetNetworkSettings	24	static
../Drivers/es_wifi.c:1209:18:ES_WIFI_ActivateAP	24	static
../Drivers/es_wifi.c:1263:19:ES_WIFI_WaitAPStateChange	24	static
../Drivers/es_wifi.c:1331:18:ES_WIFI_GetMACAddress	24	static
../Drivers/es_wifi.c:1354:18:ES_WIFI_GetIPAddress	16	static
../Drivers/es_wifi.c:1366:18:ES_WIFI_SetMACAddress	56	static
../Drivers/es_wifi.c:1387:18:ES_WIFI_ResetToFactoryDefault	24	static
../Drivers/es_wifi.c:1402:18:ES_WIFI_ResetModule	32	static
../Drivers/es_wifi.c:1426:18:ES_WIFI_HardResetModule	24	static
../Drivers/es_wifi.c:1441:18:ES_WIFI_SetProductName	24	static
../Drivers/es_wifi.c:1526:18:ES_WIFI_GetSystemConfig	24	static
../Drivers/es_wifi.c:1548:18:ES_WIFI_Ping	48	static
../Drivers/es_wifi.c:1591:18:ES_WIFI_DNS_LookUp	32	static
../Drivers/es_wifi.c:1616:18:ES_WIFI_StartClientConnection	40	static
../Drivers/es_wifi.c:1674:18:ES_WIFI_StopClientConnection	24	static
../Drivers/es_wifi.c:1762:18:ES_WIFI_StartServerSingleConn	24	static
../Drivers/es_wifi.c:1828:19:ES_WIFI_WaitServerConnection	48	static
../Drivers/es_wifi.c:1916:18:ES_WIFI_CloseServerConnection	24	static
../Drivers/es_wifi.c:1947:18:ES_WIFI_StopServerSingleConn	24	static
../Drivers/es_wifi.c:1980:18:ES_WIFI_StartServerMultiConn	24	static
../Drivers/es_wifi.c:2041:18:ES_WIFI_StopServerMultiConn	24	static
../Drivers/es_wifi.c:2109:18:ES_WIFI_SendData	40	static
../Drivers/es_wifi.c:2171:19:ES_WIFI_SendDataTo	56	static
../Drivers/es_wifi.c:2269:18:ES_WIFI_ReceiveData	40	static
../Drivers/es_wifi.c:2330:19:ES_WIFI_ReceiveDataFrom	64	static
../Drivers/es_wifi.c:2421:19:ES_WIFI_StoreCreds	40	static
../Drivers/es_wifi.c:2459:19:ES_WIFI_StoreCA	40	static
../Drivers/es_wifi.c:2483:19:ES_WIFI_StoreCertificate	40	static
../Drivers/es_wifi.c:2507:19:ES_WIFI_StoreKey	40	static
