../Drivers/spsgrf.c:276:6:SpiritAesMode	24	static
../Drivers/spsgrf.c:312:6:SpiritAesWriteDataIn	40	static
../Drivers/spsgrf.c:341:6:SpiritAesReadDataOut	40	static
../Drivers/spsgrf.c:372:6:SpiritAesWriteKey	40	static
../Drivers/spsgrf.c:393:6:SpiritAesReadKey	40	static
../Drivers/spsgrf.c:412:6:SpiritAesDeriveDecKeyFromEnc	8	static
../Drivers/spsgrf.c:425:6:SpiritAesExecuteEncryption	8	static
../Drivers/spsgrf.c:438:6:SpiritAesExecuteDecryption	8	static
../Drivers/spsgrf.c:451:6:SpiritAesDeriveDecKeyExecuteDec	8	static
../Drivers/spsgrf.c:475:6:SpiritCalibrationRco	24	static
../Drivers/spsgrf.c:507:6:SpiritCalibrationVco	24	static
../Drivers/spsgrf.c:537:6:SpiritCalibrationSetRcoCalWords	24	static
../Drivers/spsgrf.c:564:6:SpiritCalibrationGetRcoCalWords	24	static
../Drivers/spsgrf.c:584:9:SpiritCalibrationGetVcoCalData	16	static
../Drivers/spsgrf.c:603:6:SpiritCalibrationSetVcoCalDataTx	24	static
../Drivers/spsgrf.c:625:9:SpiritCalibrationGetVcoCalDataTx	16	static
../Drivers/spsgrf.c:644:6:SpiritCalibrationSetVcoCalDataRx	24	static
../Drivers/spsgrf.c:666:9:SpiritCalibrationGetVcoCalDataRx	16	static
../Drivers/spsgrf.c:685:6:SpiritCalibrationSelectVco	24	static
../Drivers/spsgrf.c:716:8:SpiritCalibrationGetVcoSelecttion	16	static
../Drivers/spsgrf.c:753:6:SpiritCmdStrobeCommand	16	static
../Drivers/spsgrf.c:779:6:SpiritCsmaInit	24	static
../Drivers/spsgrf.c:831:6:SpiritCsmaGetInfo	24	static
../Drivers/spsgrf.c:868:6:SpiritCsma	24	static
../Drivers/spsgrf.c:898:23:SpiritCsmaGetCsma	16	static
../Drivers/spsgrf.c:923:6:SpiritCsmaPersistentMode	24	static
../Drivers/spsgrf.c:954:23:SpiritCsmaGetPersistentMode	16	static
../Drivers/spsgrf.c:980:6:SpiritCsmaSeedReloadMode	24	static
../Drivers/spsgrf.c:1011:23:SpiritCsmaGetSeedReloadMode	16	static
../Drivers/spsgrf.c:1036:6:SpiritCsmaSetBuCounterSeed	24	static
../Drivers/spsgrf.c:1058:10:SpiritCsmaGetBuCounterSeed	16	static
../Drivers/spsgrf.c:1077:6:SpiritCsmaSetBuPrescaler	24	static
../Drivers/spsgrf.c:1102:9:SpiritCsmaGetBuPrescaler	16	static
../Drivers/spsgrf.c:1121:6:SpiritCsmaSetCcaPeriod	24	static
../Drivers/spsgrf.c:1146:11:SpiritCsmaGetCcaPeriod	16	static
../Drivers/spsgrf.c:1165:6:SpiritCsmaSetCcaLength	24	static
../Drivers/spsgrf.c:1190:9:SpiritCsmaGetCcaLength	16	static
../Drivers/spsgrf.c:1209:6:SpiritCsmaSetMaxNumberBackoff	24	static
../Drivers/spsgrf.c:1232:9:SpiritCsmaGetMaxNumberBackoff	16	static
../Drivers/spsgrf.c:1261:6:SpiritDirectRfSetRxMode	24	static
../Drivers/spsgrf.c:1286:10:SpiritDirectRfGetRxMode	16	static
../Drivers/spsgrf.c:1305:6:SpiritDirectRfSetTxMode	24	static
../Drivers/spsgrf.c:1330:10:SpiritDirectRfGetTxMode	16	static
../Drivers/spsgrf.c:1359:6:SpiritGeneralBatteryLevel	24	static
../Drivers/spsgrf.c:1391:6:SpiritGeneralSetBatteryLevel	24	static
../Drivers/spsgrf.c:1430:14:SpiritGeneralGetBatteryLevel	16	static
../Drivers/spsgrf.c:1449:6:SpiritGeneralBrownOut	24	static
../Drivers/spsgrf.c:1481:6:SpiritGeneralHighPwr	24	static
../Drivers/spsgrf.c:1513:6:SpiritGeneralSetExtRef	24	static
../Drivers/spsgrf.c:1545:12:SpiritGeneralGetExtRef	16	static
../Drivers/spsgrf.c:1564:6:SpiritGeneralSetXoGm	24	static
../Drivers/spsgrf.c:1615:8:SpiritGeneralGetXoGm	16	static
../Drivers/spsgrf.c:1633:12:SpiritGeneralGetPktType	16	static
../Drivers/spsgrf.c:1651:10:SpiritGeneralGetDevicePartNumber	16	static
../Drivers/spsgrf.c:1667:9:SpiritGeneralGetSpiritVersion	16	static
../Drivers/spsgrf.c:1691:6:SpiritGpioInit	24	static
../Drivers/spsgrf.c:1713:6:SpiritGpioTemperatureSensor	24	static
../Drivers/spsgrf.c:1753:6:SpiritGpioSetLevel	24	static
../Drivers/spsgrf.c:1792:13:SpiritGpioGetLevel	24	static
../Drivers/spsgrf.c:1825:6:SpiritGpioClockOutput	24	static
../Drivers/spsgrf.c:1859:6:SpiritGpioClockOutputInit	24	static
../Drivers/spsgrf.c:1884:6:SpiritGpioSetXOPrescaler	24	static
../Drivers/spsgrf.c:1910:24:SpiritGpioGetXOPrescaler	16	static
../Drivers/spsgrf.c:1929:6:SpiritGpioSetRCOPrescaler	24	static
../Drivers/spsgrf.c:1955:25:SpiritGpioGetRCOPrescaler	16	static
../Drivers/spsgrf.c:1974:6:SpiritGpioSetExtraClockCycles	24	static
../Drivers/spsgrf.c:2001:18:SpiritGpioGetExtraClockCycles	16	static
../Drivers/spsgrf.c:2032:6:SpiritIrqDeInit	24	static
../Drivers/spsgrf.c:2062:6:SpiritIrqInit	32	static
../Drivers/spsgrf.c:2088:6:SpiritIrq	32	static
../Drivers/spsgrf.c:2144:6:SpiritIrqGetMask	32	static
../Drivers/spsgrf.c:2178:6:SpiritIrqGetStatus	32	static
../Drivers/spsgrf.c:2200:6:SpiritIrqClearStatus	16	static
../Drivers/spsgrf.c:2217:12:SpiritIrqCheckFlag	32	static
../Drivers/spsgrf.c:2262:9:SpiritLinearFifoReadNumElementsRxFifo	16	static
../Drivers/spsgrf.c:2280:9:SpiritLinearFifoReadNumElementsTxFifo	16	static
../Drivers/spsgrf.c:2301:6:SpiritLinearFifoSetAlmostFullThresholdRx	24	static
../Drivers/spsgrf.c:2324:9:SpiritLinearFifoGetAlmostFullThresholdRx	16	static
../Drivers/spsgrf.c:2343:6:SpiritLinearFifoSetAlmostEmptyThresholdRx	24	static
../Drivers/spsgrf.c:2364:9:SpiritLinearFifoGetAlmostEmptyThresholdRx	16	static
../Drivers/spsgrf.c:2385:6:SpiritLinearFifoSetAlmostFullThresholdTx	24	static
../Drivers/spsgrf.c:2412:9:SpiritLinearFifoGetAlmostFullThresholdTx	16	static
../Drivers/spsgrf.c:2431:6:SpiritLinearFifoSetAlmostEmptyThresholdTx	24	static
../Drivers/spsgrf.c:2456:9:SpiritLinearFifoGetAlmostEmptyThresholdTx	16	static
../Drivers/spsgrf.c:2484:6:SpiritManagementSetFrequencyBase	64	static
../Drivers/spsgrf.c:2581:9:SpiritManagementWaVcoCalibration	24	static
../Drivers/spsgrf.c:2681:6:SpiritManagementWaCmdStrobeTx	16	static
../Drivers/spsgrf.c:2707:6:SpiritManagementWaCmdStrobeRx	16	static
../Drivers/spsgrf.c:2718:6:SpiritManagementWaTRxFcMem	16	static
../Drivers/spsgrf.c:2725:6:SpiritManagementWaExtraCurrent	16	static
../Drivers/spsgrf.c:2752:6:SpiritPktBasicInit	24	static
../Drivers/spsgrf.c:2858:6:SpiritPktBasicGetInfo	32	static
../Drivers/spsgrf.c:2912:6:SpiritPktBasicAddressesInit	24	static
../Drivers/spsgrf.c:2977:6:SpiritPktBasicGetAddressesInfo	24	static
../Drivers/spsgrf.c:3004:6:SpiritPktBasicSetFormat	16	static
../Drivers/spsgrf.c:3044:6:SpiritPktBasicAddressField	24	static
../Drivers/spsgrf.c:3075:23:SpiritPktBasicGetAddressField	16	static
../Drivers/spsgrf.c:3104:6:SpiritPktBasicSetPayloadLength	24	static
../Drivers/spsgrf.c:3136:10:SpiritPktBasicGetPayloadLength	16	static
../Drivers/spsgrf.c:3161:10:SpiritPktBasicGetReceivedPktLength	16	static
../Drivers/spsgrf.c:3191:6:SpiritPktBasicSetVarLengthWidth	32	static
../Drivers/spsgrf.c:3250:6:SpiritPktCommonSetControlLength	24	static
../Drivers/spsgrf.c:3275:9:SpiritPktCommonGetControlLength	16	static
../Drivers/spsgrf.c:3294:6:SpiritPktCommonSetPreambleLength	24	static
../Drivers/spsgrf.c:3319:9:SpiritPktCommonGetPreambleLength	16	static
../Drivers/spsgrf.c:3338:6:SpiritPktCommonSetSyncLength	24	static
../Drivers/spsgrf.c:3363:9:SpiritPktCommonGetSyncLength	16	static
../Drivers/spsgrf.c:3383:6:SpiritPktCommonSetFixVarLength	24	static
../Drivers/spsgrf.c:3409:6:SpiritPktCommonFilterOnCrc	24	static
../Drivers/spsgrf.c:3440:23:SpiritPktCommonGetFilterOnCrc	16	static
../Drivers/spsgrf.c:3467:6:SpiritPktCommonSetCrcMode	24	static
../Drivers/spsgrf.c:3492:12:SpiritPktCommonGetCrcMode	16	static
../Drivers/spsgrf.c:3511:6:SpiritPktCommonWhitening	24	static
../Drivers/spsgrf.c:3543:6:SpiritPktCommonFec	24	static
../Drivers/spsgrf.c:3577:6:SpiritPktCommonSetSyncxWord	24	static
../Drivers/spsgrf.c:3613:9:SpiritPktCommonGetSyncxWord	24	static
../Drivers/spsgrf.c:3652:6:SpiritPktCommonSetSyncWords	24	static
../Drivers/spsgrf.c:3683:10:SpiritPktCommonGetSyncWords	32	static
../Drivers/spsgrf.c:3711:9:SpiritPktCommonGetVarLengthWidth	16	static
../Drivers/spsgrf.c:3730:6:SpiritPktCommonSetDestinationAddress	16	static
../Drivers/spsgrf.c:3743:9:SpiritPktCommonGetTransmittedDestAddress	16	static
../Drivers/spsgrf.c:3763:6:SpiritPktCommonSetMyAddress	16	static
../Drivers/spsgrf.c:3776:9:SpiritPktCommonGetMyAddress	16	static
../Drivers/spsgrf.c:3796:6:SpiritPktCommonSetBroadcastAddress	16	static
../Drivers/spsgrf.c:3809:9:SpiritPktCommonGetBroadcastAddress	16	static
../Drivers/spsgrf.c:3829:6:SpiritPktCommonSetMulticastAddress	16	static
../Drivers/spsgrf.c:3842:9:SpiritPktCommonGetMulticastAddress	16	static
../Drivers/spsgrf.c:3862:6:SpiritPktCommonSetCtrlMask	24	static
../Drivers/spsgrf.c:3884:10:SpiritPktCommonGetCtrlMask	24	static
../Drivers/spsgrf.c:3910:6:SpiritPktCommonSetCtrlReference	24	static
../Drivers/spsgrf.c:3931:10:SpiritPktCommonGetCtrlReference	24	static
../Drivers/spsgrf.c:3956:6:SpiritPktCommonSetTransmittedCtrlField	24	static
../Drivers/spsgrf.c:3977:10:SpiritPktCommonGetTransmittedCtrlField	24	static
../Drivers/spsgrf.c:4003:6:SpiritPktCommonFilterOnMyAddress	24	static
../Drivers/spsgrf.c:4036:6:SpiritPktCommonFilterOnMulticastAddress	24	static
../Drivers/spsgrf.c:4068:6:SpiritPktCommonFilterOnBroadcastAddress	24	static
../Drivers/spsgrf.c:4099:23:SpiritPktCommonGetFilterOnMyAddress	16	static
../Drivers/spsgrf.c:4123:23:SpiritPktCommonGetFilterOnMulticastAddress	16	static
../Drivers/spsgrf.c:4147:23:SpiritPktCommonGetFilterOnBroadcastAddress	16	static
../Drivers/spsgrf.c:4172:9:SpiritPktCommonGetReceivedDestAddress	16	static
../Drivers/spsgrf.c:4190:10:SpiritPktCommonGetReceivedCtrlField	24	static
../Drivers/spsgrf.c:4215:6:SpiritPktCommonGetReceivedCrcField	24	static
../Drivers/spsgrf.c:4260:6:SpiritPktCommonAutoAck	24	static
../Drivers/spsgrf.c:4308:6:SpiritPktCommonRequireAck	24	static
../Drivers/spsgrf.c:4339:6:SpiritPktCommonSetTransmittedSeqNumberReload	24	static
../Drivers/spsgrf.c:4363:6:SpiritPktCommonSetNMaxReTx	24	static
../Drivers/spsgrf.c:4389:9:SpiritPktCommonGetNMaxReTx	16	static
../Drivers/spsgrf.c:4407:23:SpiritPktCommonGetTxAckRequest	16	static
../Drivers/spsgrf.c:4425:9:SpiritPktCommonGetReceivedSourceAddress	16	static
../Drivers/spsgrf.c:4443:9:SpiritPktCommonGetReceivedSeqNumber	16	static
../Drivers/spsgrf.c:4461:9:SpiritPktCommonGetReceivedNackRx	16	static
../Drivers/spsgrf.c:4479:9:SpiritPktCommonGetTransmittedSeqNumber	16	static
../Drivers/spsgrf.c:4497:9:SpiritPktCommonGetNReTx	16	static
../Drivers/spsgrf.c:4520:6:SpiritPktCommonFilterOnControlField	24	static
../Drivers/spsgrf.c:4552:23:SpiritPktCommonGetFilterOnControlField	16	static
../Drivers/spsgrf.c:4588:6:SpiritPktMbusInit	24	static
../Drivers/spsgrf.c:4616:6:SpiritPktMbusGetInfo	24	static
../Drivers/spsgrf.c:4636:6:SpiritPktMbusSetFormat	16	static
../Drivers/spsgrf.c:4678:6:SpiritPktMbusSetPreamble	16	static
../Drivers/spsgrf.c:4692:9:SpiritPktMbusGetPreamble	16	static
../Drivers/spsgrf.c:4711:6:SpiritPktMbusSetPostamble	16	static
../Drivers/spsgrf.c:4724:9:SpiritPktMbusGetPostamble	16	static
../Drivers/spsgrf.c:4743:6:SpiritPktMbusSetSubmode	16	static
../Drivers/spsgrf.c:4756:13:SpiritPktMbusGetSubmode	16	static
../Drivers/spsgrf.c:4775:6:SpiritPktMbusSetPayloadLength	24	static
../Drivers/spsgrf.c:4795:10:SpiritPktMbusGetPayloadLength	16	static
../Drivers/spsgrf.c:4825:6:SpiritPktStackInit	24	static
../Drivers/spsgrf.c:4925:6:SpiritPktStackGetInfo	32	static
../Drivers/spsgrf.c:4976:6:SpiritPktStackAddressesInit	24	static
../Drivers/spsgrf.c:5039:6:SpiritPktStackGetAddressesInfo	24	static
../Drivers/spsgrf.c:5068:6:SpiritPktStackLlpInit	24	static
../Drivers/spsgrf.c:5117:6:SpiritPktStackLlpGetInfo	24	static
../Drivers/spsgrf.c:5137:6:SpiritPktStackSetFormat	16	static
../Drivers/spsgrf.c:5177:6:SpiritPktStackSetAddressLength	16	static
../Drivers/spsgrf.c:5203:6:SpiritPktStackSetPayloadLength	24	static
../Drivers/spsgrf.c:5230:10:SpiritPktStackGetPayloadLength	16	static
../Drivers/spsgrf.c:5253:6:SpiritPktStackSetVarLengthWidth	32	static
../Drivers/spsgrf.c:5293:6:SpiritPktStackSetRxSourceMask	16	static
../Drivers/spsgrf.c:5306:9:SpiritPktStackGetRxSourceMask	16	static
../Drivers/spsgrf.c:5323:10:SpiritPktStackGetReceivedPktLength	16	static
../Drivers/spsgrf.c:5352:6:SpiritPktStackFilterOnSourceAddress	24	static
../Drivers/spsgrf.c:5396:6:SpiritQiPqiCheck	24	static
../Drivers/spsgrf.c:5429:6:SpiritQiSqiCheck	24	static
../Drivers/spsgrf.c:5461:6:SpiritQiSetPqiThreshold	24	static
../Drivers/spsgrf.c:5486:14:SpiritQiGetPqiThreshold	16	static
../Drivers/spsgrf.c:5508:6:SpiritQiSetSqiThreshold	24	static
../Drivers/spsgrf.c:5533:14:SpiritQiGetSqiThreshold	16	static
../Drivers/spsgrf.c:5551:9:SpiritQiGetPqi	16	static
../Drivers/spsgrf.c:5569:9:SpiritQiGetSqi	16	static
../Drivers/spsgrf.c:5587:9:SpiritQiGetLqi	16	static
../Drivers/spsgrf.c:5605:18:SpiritQiGetCs	16	static
../Drivers/spsgrf.c:5631:9:SpiritQiGetRssi	16	static
../Drivers/spsgrf.c:5650:6:SpiritQiSetRssiThreshold	16	static
../Drivers/spsgrf.c:5663:9:SpiritQiGetRssiThreshold	16	static
../Drivers/spsgrf.c:5682:9:SpiritQiComputeRssiThreshold	16	static
../Drivers/spsgrf.c:5698:6:SpiritQiSetRssiThresholddBm	24	static
../Drivers/spsgrf.c:5717:6:SpiritQiSetRssiFilterGain	24	static
../Drivers/spsgrf.c:5742:16:SpiritQiGetRssiFilterGain	16	static
../Drivers/spsgrf.c:5765:6:SpiritQiSetCsMode	24	static
../Drivers/spsgrf.c:5790:8:SpiritQiGetCsMode	16	static
../Drivers/spsgrf.c:5808:6:SpiritQiCsTimeoutMask	24	static
../Drivers/spsgrf.c:5840:6:SpiritQiPqiTimeoutMask	24	static
../Drivers/spsgrf.c:5872:6:SpiritQiSqiTimeoutMask	24	static
../Drivers/spsgrf.c:5914:9:SpiritRadioInit	56	static
../Drivers/spsgrf.c:6061:6:SpiritRadioGetInfo	80	static
../Drivers/spsgrf.c:6163:6:SpiritRadioSetXtalFlag	24	static
../Drivers/spsgrf.c:6192:10:SpiritRadioGetXtalFlag	16	static
../Drivers/spsgrf.c:6214:9:SpiritRadioSearchWCP	24	static
../Drivers/spsgrf.c:6269:10:SpiritRadioGetSynthWord	16	static
../Drivers/spsgrf.c:6286:6:SpiritRadioSetSynthWord	24	static
../Drivers/spsgrf.c:6319:6:SpiritRadioSetBand	24	static
../Drivers/spsgrf.c:6349:12:SpiritRadioGetBand	16	static
../Drivers/spsgrf.c:6382:6:SpiritRadioSetChannel	16	static
../Drivers/spsgrf.c:6395:9:SpiritRadioGetChannel	16	static
../Drivers/spsgrf.c:6413:6:SpiritRadioSetChannelSpace	24	static
../Drivers/spsgrf.c:6432:10:SpiritRadioGetChannelSpace	16	static
../Drivers/spsgrf.c:6450:6:SpiritRadioSetFrequencyOffsetPpm	40	static
../Drivers/spsgrf.c:6492:6:SpiritRadioSetFrequencyOffset	24	static
../Drivers/spsgrf.c:6518:9:SpiritRadioGetFrequencyOffset	16	static
../Drivers/spsgrf.c:6553:9:SpiritRadioSetFrequencyBase	64	static
../Drivers/spsgrf.c:6661:6:SpiritRadioVcoCalibrationWAFB	16	static
../Drivers/spsgrf.c:6671:10:SpiritRadioGetFrequencyBase	32	static
../Drivers/spsgrf.c:6694:10:SpiritRadioGetCenterFrequency	24	static
../Drivers/spsgrf.c:6727:6:SpiritRadioSearchDatarateME	40	static
../Drivers/spsgrf.c:6794:6:SpiritRadioSearchChannelBwME	48	static
../Drivers/spsgrf.c:6855:6:SpiritRadioSearchFreqDevME	56	static
../Drivers/spsgrf.c:6893:6:SpiritRadioSetDatarate	24	static
../Drivers/spsgrf.c:6921:10:SpiritRadioGetDatarate	16	static
../Drivers/spsgrf.c:6942:6:SpiritRadioSetFrequencyDev	24	static
../Drivers/spsgrf.c:6971:10:SpiritRadioGetFrequencyDev	32	static
../Drivers/spsgrf.c:6996:6:SpiritRadioSetChannelBW	24	static
../Drivers/spsgrf.c:7024:10:SpiritRadioGetChannelBW	24	static
../Drivers/spsgrf.c:7045:6:SpiritRadioSetModulation	24	static
../Drivers/spsgrf.c:7070:18:SpiritRadioGetModulation	16	static
../Drivers/spsgrf.c:7089:6:SpiritRadioCWTransmitMode	24	static
../Drivers/spsgrf.c:7119:6:SpiritRadioSetOokPeakDecay	24	static
../Drivers/spsgrf.c:7144:14:SpiritRadioGetOokPeakDecay	16	static
../Drivers/spsgrf.c:7163:9:SpiritRadioGetdBm2Reg	32	static
../Drivers/spsgrf.c:7212:7:SpiritRadioGetReg2dBm	24	static
../Drivers/spsgrf.c:7263:6:SpiritRadioSetPATabledBm	40	static
../Drivers/spsgrf.c:7305:6:SpiritRadioGetPATabledBm	40	static
../Drivers/spsgrf.c:7335:6:SpiritRadioSetPALeveldBm	24	static
../Drivers/spsgrf.c:7364:7:SpiritRadioGetPALeveldBm	24	static
../Drivers/spsgrf.c:7397:6:SpiritRadioSetPATable	32	static
../Drivers/spsgrf.c:7436:6:SpiritRadioGetPATable	32	static
../Drivers/spsgrf.c:7463:6:SpiritRadioSetPALevel	24	static
../Drivers/spsgrf.c:7486:9:SpiritRadioGetPALevel	24	static
../Drivers/spsgrf.c:7512:6:SpiritRadioSetPACwc	24	static
../Drivers/spsgrf.c:7542:17:SpiritRadioGetPACwc	16	static
../Drivers/spsgrf.c:7560:6:SpiritRadioSetPALevelMaxIndex	24	static
../Drivers/spsgrf.c:7585:9:SpiritRadioGetPALevelMaxIndex	16	static
../Drivers/spsgrf.c:7604:6:SpiritRadioSetPAStepWidth	24	static
../Drivers/spsgrf.c:7630:9:SpiritRadioGetPAStepWidth	16	static
../Drivers/spsgrf.c:7650:6:SpiritRadioPARamping	24	static
../Drivers/spsgrf.c:7679:23:SpiritRadioGetPARamping	16	static
../Drivers/spsgrf.c:7698:6:SpiritRadioAFC	24	static
../Drivers/spsgrf.c:7728:6:SpiritRadioAFCFreezeOnSync	24	static
../Drivers/spsgrf.c:7759:6:SpiritRadioSetAFCMode	24	static
../Drivers/spsgrf.c:7790:9:SpiritRadioGetAFCMode	16	static
../Drivers/spsgrf.c:7809:6:SpiritRadioSetAFCPDLeakage	24	static
../Drivers/spsgrf.c:7833:9:SpiritRadioGetAFCPDLeakage	16	static
../Drivers/spsgrf.c:7851:6:SpiritRadioSetAFCFastPeriod	16	static
../Drivers/spsgrf.c:7864:9:SpiritRadioGetAFCFastPeriod	16	static
../Drivers/spsgrf.c:7882:6:SpiritRadioSetAFCFastGain	24	static
../Drivers/spsgrf.c:7906:9:SpiritRadioGetAFCFastGain	16	static
../Drivers/spsgrf.c:7924:6:SpiritRadioSetAFCSlowGain	24	static
../Drivers/spsgrf.c:7948:9:SpiritRadioGetAFCSlowGain	16	static
../Drivers/spsgrf.c:7966:8:SpiritRadioGetAFCCorrectionReg	16	static
../Drivers/spsgrf.c:7986:9:SpiritRadioGetAFCCorrectionHz	24	static
../Drivers/spsgrf.c:8011:6:SpiritRadioAGC	24	static
../Drivers/spsgrf.c:8040:6:SpiritRadioSetAGCMeasureTimeUs	32	static
../Drivers/spsgrf.c:8069:10:SpiritRadioGetAGCMeasureTimeUs	24	static
../Drivers/spsgrf.c:8091:6:SpiritRadioSetAGCMeasureTime	24	static
../Drivers/spsgrf.c:8117:9:SpiritRadioGetAGCMeasureTime	16	static
../Drivers/spsgrf.c:8136:6:SpiritRadioSetAGCHighThreshold	24	static
../Drivers/spsgrf.c:8162:9:SpiritRadioGetAGCHighThreshold	16	static
../Drivers/spsgrf.c:8180:6:SpiritRadioSetAGCLowThreshold	24	static
../Drivers/spsgrf.c:8206:9:SpiritRadioGetAGCLowThreshold	16	static
../Drivers/spsgrf.c:8225:6:SpiritRadioSetClkRecMode	24	static
../Drivers/spsgrf.c:8252:12:SpiritRadioGetClkRecMode	16	static
../Drivers/spsgrf.c:8271:6:SpiritRadioSetClkRecPGain	24	static
../Drivers/spsgrf.c:8297:9:SpiritRadioGetClkRecPGain	16	static
../Drivers/spsgrf.c:8315:6:SpiritRadioSetClkRecIGain	24	static
../Drivers/spsgrf.c:8342:9:SpiritRadioGetClkRecIGain	16	static
../Drivers/spsgrf.c:8361:6:SpiritRadioSetClkRecPstFltLength	24	static
../Drivers/spsgrf.c:8388:14:SpiritRadioGetClkRecPstFltLength	16	static
../Drivers/spsgrf.c:8406:6:SpiritRadioCsBlanking	24	static
../Drivers/spsgrf.c:8437:6:SpiritRadioPersistenRx	24	static
../Drivers/spsgrf.c:8467:6:SpiritRadioSetRefDiv	24	static
../Drivers/spsgrf.c:8496:23:SpiritRadioGetRefDiv	16	static
../Drivers/spsgrf.c:8519:6:SpiritRadioSetDigDiv	24	static
../Drivers/spsgrf.c:8549:23:SpiritRadioGetDigDiv	16	static
../Drivers/spsgrf.c:8571:10:SpiritRadioGetXtalFrequency	4	static
../Drivers/spsgrf.c:8581:6:SpiritRadioSetXtalFrequency	16	static
../Drivers/spsgrf.c:8603:6:SpiritTimerLdcrMode	24	static
../Drivers/spsgrf.c:8632:6:SpiritTimerLdcrAutoReload	24	static
../Drivers/spsgrf.c:8660:23:SpiritTimerLdcrGetAutoReload	16	static
../Drivers/spsgrf.c:8680:6:SpiritTimerSetRxTimeout	24	static
../Drivers/spsgrf.c:8698:6:SpiritTimerSetRxTimeoutMs	24	static
../Drivers/spsgrf.c:8717:6:SpiritTimerSetRxTimeoutCounter	16	static
../Drivers/spsgrf.c:8731:6:SpiritTimerSetRxTimeoutPrescaler	16	static
../Drivers/spsgrf.c:8750:6:SpiritTimerGetRxTimeout	32	static
../Drivers/spsgrf.c:8784:6:SpiritTimerSetWakeUpTimer	24	static
../Drivers/spsgrf.c:8803:6:SpiritTimerSetWakeUpTimerMs	24	static
../Drivers/spsgrf.c:8823:6:SpiritTimerSetWakeUpTimerCounter	16	static
../Drivers/spsgrf.c:8838:6:SpiritTimerSetWakeUpTimerPrescaler	16	static
../Drivers/spsgrf.c:8856:6:SpiritTimerGetWakeUpTimer	32	static
../Drivers/spsgrf.c:8887:6:SpiritTimerSetWakeUpTimerReload	24	static
../Drivers/spsgrf.c:8906:6:SpiritTimerSetWakeUpTimerReloadMs	24	static
../Drivers/spsgrf.c:8926:6:SpiritTimerSetWakeUpTimerReloadCounter	16	static
../Drivers/spsgrf.c:8941:6:SpiritTimerSetWakeUpTimerReloadPrescaler	16	static
../Drivers/spsgrf.c:8959:6:SpiritTimerGetWakeUpTimerReload	32	static
../Drivers/spsgrf.c:8982:10:SpiritTimerGetRcoFrequency	24	static
../Drivers/spsgrf.c:9021:6:SpiritTimerComputeWakeUpValues	40	static
../Drivers/spsgrf.c:9078:6:SpiritTimerComputeRxTimeoutValues	40	static
../Drivers/spsgrf.c:9132:6:SpiritTimerSetRxTimeoutStopCondition	24	static
../Drivers/spsgrf.c:9158:6:SpiritTimerReloadStrobe	8	static
../Drivers/spsgrf.c:9182:6:SpiritRefreshStatus	16	static
../Drivers/spsgrf.c:9283:13:SpiritSpiWriteRegisters	24	static
../Drivers/spsgrf.c:9297:13:SpiritSpiReadRegisters	24	static
../Drivers/spsgrf.c:9310:13:SpiritSpiCommandStrobes	24	static
../Drivers/spsgrf.c:9324:13:SpiritSpiWriteFifo	24	static
../Drivers/spsgrf.c:9337:13:SpiritSpiReadFifo	24	static
