../Core/Src/healthmonitor.c:69:5:main	56	static
../Core/Src/healthmonitor.c:185:6:Error_Handler	8	static
../Core/Src/healthmonitor.c:190:6:max3010x_INT_Callback	16	static
../Core/Src/healthmonitor.c:199:6:HAL_SYSTICK_Callback	16	static
../Core/Src/healthmonitor.c:212:6:USER_Button_Callback	4	static
../Core/Src/healthmonitor.c:217:5:WIFI_ReadLine	40	static
../Core/Src/healthmonitor.c:278:5:WIFI_SendLine	296	static
../Core/Src/healthmonitor.c:306:5:WIFI_SendHTTPRequest	552	static
../Core/Src/healthmonitor.c:329:5:getDate	272	static
../Core/Src/healthmonitor.c:343:5:postData	656	static
../Core/Src/healthmonitor.c:366:5:detectFall	272	static
